Archive member included to satisfy reference by file (symbol)

C:/ST/STM32CubeIDE_1.14.1/STM32CubeIDE/plugins/com.st.stm32cube.ide.mcu.externaltools.gnu-tools-for-stm32.11.3.rel1.win32_1.1.100.202309141235/tools/bin/../lib/gcc/arm-none-eabi/11.3.1/../../../../arm-none-eabi/lib/thumb/v6-m/nofp\libc_nano.a(libc_a-exit.o)
                              C:/ST/STM32CubeIDE_1.14.1/STM32CubeIDE/plugins/com.st.stm32cube.ide.mcu.externaltools.gnu-tools-for-stm32.11.3.rel1.win32_1.1.100.202309141235/tools/bin/../lib/gcc/arm-none-eabi/11.3.1/../../../../arm-none-eabi/lib/thumb/v6-m/nofp/crt0.o (exit)
C:/ST/STM32CubeIDE_1.14.1/STM32CubeIDE/plugins/com.st.stm32cube.ide.mcu.externaltools.gnu-tools-for-stm32.11.3.rel1.win32_1.1.100.202309141235/tools/bin/../lib/gcc/arm-none-eabi/11.3.1/../../../../arm-none-eabi/lib/thumb/v6-m/nofp\libc_nano.a(libc_a-findfp.o)
                              C:/ST/STM32CubeIDE_1.14.1/STM32CubeIDE/plugins/com.st.stm32cube.ide.mcu.externaltools.gnu-tools-for-stm32.11.3.rel1.win32_1.1.100.202309141235/tools/bin/../lib/gcc/arm-none-eabi/11.3.1/../../../../arm-none-eabi/lib/thumb/v6-m/nofp\libc_nano.a(libc_a-exit.o) (__stdio_exit_handler)
C:/ST/STM32CubeIDE_1.14.1/STM32CubeIDE/plugins/com.st.stm32cube.ide.mcu.externaltools.gnu-tools-for-stm32.11.3.rel1.win32_1.1.100.202309141235/tools/bin/../lib/gcc/arm-none-eabi/11.3.1/../../../../arm-none-eabi/lib/thumb/v6-m/nofp\libc_nano.a(libc_a-fwalk.o)
                              C:/ST/STM32CubeIDE_1.14.1/STM32CubeIDE/plugins/com.st.stm32cube.ide.mcu.externaltools.gnu-tools-for-stm32.11.3.rel1.win32_1.1.100.202309141235/tools/bin/../lib/gcc/arm-none-eabi/11.3.1/../../../../arm-none-eabi/lib/thumb/v6-m/nofp\libc_nano.a(libc_a-findfp.o) (_fwalk_sglue)
C:/ST/STM32CubeIDE_1.14.1/STM32CubeIDE/plugins/com.st.stm32cube.ide.mcu.externaltools.gnu-tools-for-stm32.11.3.rel1.win32_1.1.100.202309141235/tools/bin/../lib/gcc/arm-none-eabi/11.3.1/../../../../arm-none-eabi/lib/thumb/v6-m/nofp\libc_nano.a(libc_a-sprintf.o)
                              ./Core/Src/i2cScanner.o (sprintf)
C:/ST/STM32CubeIDE_1.14.1/STM32CubeIDE/plugins/com.st.stm32cube.ide.mcu.externaltools.gnu-tools-for-stm32.11.3.rel1.win32_1.1.100.202309141235/tools/bin/../lib/gcc/arm-none-eabi/11.3.1/../../../../arm-none-eabi/lib/thumb/v6-m/nofp\libc_nano.a(libc_a-stdio.o)
                              C:/ST/STM32CubeIDE_1.14.1/STM32CubeIDE/plugins/com.st.stm32cube.ide.mcu.externaltools.gnu-tools-for-stm32.11.3.rel1.win32_1.1.100.202309141235/tools/bin/../lib/gcc/arm-none-eabi/11.3.1/../../../../arm-none-eabi/lib/thumb/v6-m/nofp\libc_nano.a(libc_a-findfp.o) (__sread)
C:/ST/STM32CubeIDE_1.14.1/STM32CubeIDE/plugins/com.st.stm32cube.ide.mcu.externaltools.gnu-tools-for-stm32.11.3.rel1.win32_1.1.100.202309141235/tools/bin/../lib/gcc/arm-none-eabi/11.3.1/../../../../arm-none-eabi/lib/thumb/v6-m/nofp\libc_nano.a(libc_a-memset.o)
                              C:/ST/STM32CubeIDE_1.14.1/STM32CubeIDE/plugins/com.st.stm32cube.ide.mcu.externaltools.gnu-tools-for-stm32.11.3.rel1.win32_1.1.100.202309141235/tools/bin/../lib/gcc/arm-none-eabi/11.3.1/../../../../arm-none-eabi/lib/thumb/v6-m/nofp/crt0.o (memset)
C:/ST/STM32CubeIDE_1.14.1/STM32CubeIDE/plugins/com.st.stm32cube.ide.mcu.externaltools.gnu-tools-for-stm32.11.3.rel1.win32_1.1.100.202309141235/tools/bin/../lib/gcc/arm-none-eabi/11.3.1/../../../../arm-none-eabi/lib/thumb/v6-m/nofp\libc_nano.a(libc_a-closer.o)
                              C:/ST/STM32CubeIDE_1.14.1/STM32CubeIDE/plugins/com.st.stm32cube.ide.mcu.externaltools.gnu-tools-for-stm32.11.3.rel1.win32_1.1.100.202309141235/tools/bin/../lib/gcc/arm-none-eabi/11.3.1/../../../../arm-none-eabi/lib/thumb/v6-m/nofp\libc_nano.a(libc_a-stdio.o) (_close_r)
C:/ST/STM32CubeIDE_1.14.1/STM32CubeIDE/plugins/com.st.stm32cube.ide.mcu.externaltools.gnu-tools-for-stm32.11.3.rel1.win32_1.1.100.202309141235/tools/bin/../lib/gcc/arm-none-eabi/11.3.1/../../../../arm-none-eabi/lib/thumb/v6-m/nofp\libc_nano.a(libc_a-reent.o)
                              C:/ST/STM32CubeIDE_1.14.1/STM32CubeIDE/plugins/com.st.stm32cube.ide.mcu.externaltools.gnu-tools-for-stm32.11.3.rel1.win32_1.1.100.202309141235/tools/bin/../lib/gcc/arm-none-eabi/11.3.1/../../../../arm-none-eabi/lib/thumb/v6-m/nofp\libc_nano.a(libc_a-closer.o) (errno)
C:/ST/STM32CubeIDE_1.14.1/STM32CubeIDE/plugins/com.st.stm32cube.ide.mcu.externaltools.gnu-tools-for-stm32.11.3.rel1.win32_1.1.100.202309141235/tools/bin/../lib/gcc/arm-none-eabi/11.3.1/../../../../arm-none-eabi/lib/thumb/v6-m/nofp\libc_nano.a(libc_a-impure.o)
                              C:/ST/STM32CubeIDE_1.14.1/STM32CubeIDE/plugins/com.st.stm32cube.ide.mcu.externaltools.gnu-tools-for-stm32.11.3.rel1.win32_1.1.100.202309141235/tools/bin/../lib/gcc/arm-none-eabi/11.3.1/../../../../arm-none-eabi/lib/thumb/v6-m/nofp\libc_nano.a(libc_a-sprintf.o) (_impure_ptr)
[...]
Memory Configuration

Name             Origin             Length             Attributes
RAM              0x0000000020000000 0x0000000000009000 xrw
FLASH            0x0000000008000000 0x0000000000020000 xr
*default*        0x0000000000000000 0xffffffffffffffff

Linker script and memory map

LOAD C:/ST/STM32CubeIDE_1.14.1/STM32CubeIDE/plugins/com.st.stm32cube.ide.mcu.externaltools.gnu-tools-for-stm32.11.3.rel1.win32_1.1.100.202309141235/tools/bin/../lib/gcc/arm-none-eabi/11.3.1/thumb/v6-m/nofp/crti.o
LOAD C:/ST/STM32CubeIDE_1.14.1/STM32CubeIDE/plugins/com.st.stm32cube.ide.mcu.externaltools.gnu-tools-for-stm32.11.3.rel1.win32_1.1.100.202309141235/tools/bin/../lib/gcc/arm-none-eabi/11.3.1/thumb/v6-m/nofp/crtbegin.o
LOAD C:/ST/STM32CubeIDE_1.14.1/STM32CubeIDE/plugins/com.st.stm32cube.ide.mcu.externaltools.gnu-tools-for-stm32.11.3.rel1.win32_1.1.100.202309141235/tools/bin/../lib/gcc/arm-none-eabi/11.3.1/../../../../arm-none-eabi/lib/thumb/v6-m/nofp/crt0.o
LOAD ./Core/Src/fonts.o
LOAD ./Core/Src/i2c-lcd.o
LOAD ./Core/Src/i2cScanner.o
LOAD ./Core/Src/main.o
LOAD ./Core/Src/spl06-007.o
LOAD ./Core/Src/ssd1306.o
LOAD ./Core/Src/stm32g0xx_hal_msp.o
LOAD ./Core/Src/stm32g0xx_it.o
LOAD ./Core/Src/syscalls.o
LOAD ./Core/Src/sysmem.o
LOAD ./Core/Src/system_stm32g0xx.o
LOAD ./Core/Startup/startup_stm32g071rbtx.o
LOAD ./Drivers/STM32G0xx_HAL_Driver/Src/stm32g0xx_hal.o
LOAD ./Drivers/STM32G0xx_HAL_Driver/Src/stm32g0xx_hal_cortex.o
LOAD ./Drivers/STM32G0xx_HAL_Driver/Src/stm32g0xx_hal_dma.o
LOAD ./Drivers/STM32G0xx_HAL_Driver/Src/stm32g0xx_hal_dma_ex.o
LOAD ./Drivers/STM32G0xx_HAL_Driver/Src/stm32g0xx_hal_exti.o
LOAD ./Drivers/STM32G0xx_HAL_Driver/Src/stm32g0xx_hal_flash.o
LOAD ./Drivers/STM32G0xx_HAL_Driver/Src/stm32g0xx_hal_flash_ex.o
LOAD ./Drivers/STM32G0xx_HAL_Driver/Src/stm32g0xx_hal_gpio.o
LOAD ./Drivers/STM32G0xx_HAL_Driver/Src/stm32g0xx_hal_i2c.o
LOAD ./Drivers/STM32G0xx_HAL_Driver/Src/stm32g0xx_hal_i2c_ex.o
LOAD ./Drivers/STM32G0xx_HAL_Driver/Src/stm32g0xx_hal_pwr.o
LOAD ./Drivers/STM32G0xx_HAL_Driver/Src/stm32g0xx_hal_pwr_ex.o
LOAD ./Drivers/STM32G0xx_HAL_Driver/Src/stm32g0xx_hal_rcc.o
LOAD ./Drivers/STM32G0xx_HAL_Driver/Src/stm32g0xx_hal_rcc_ex.o
LOAD ./Drivers/STM32G0xx_HAL_Driver/Src/stm32g0xx_hal_tim.o
LOAD ./Drivers/STM32G0xx_HAL_Driver/Src/stm32g0xx_hal_tim_ex.o
LOAD ./Drivers/STM32G0xx_HAL_Driver/Src/stm32g0xx_hal_uart.o
LOAD ./Drivers/STM32G0xx_HAL_Driver/Src/stm32g0xx_hal_uart_ex.o
LOAD ./Drivers/STM32G0xx_HAL_Driver/Src/stm32g0xx_ll_dma.o
LOAD ./Drivers/STM32G0xx_HAL_Driver/Src/stm32g0xx_ll_rcc.o
START GROUP
LOAD C:/ST/STM32CubeIDE_1.14.1/STM32CubeIDE/plugins/com.st.stm32cube.ide.mcu.externaltools.gnu-tools-for-stm32.11.3.rel1.win32_1.1.100.202309141235/tools/bin/../lib/gcc/arm-none-eabi/11.3.1/../../../../arm-none-eabi/lib/thumb/v6-m/nofp\libc_nano.a
LOAD C:/ST/STM32CubeIDE_1.14.1/STM32CubeIDE/plugins/com.st.stm32cube.ide.mcu.externaltools.gnu-tools-for-stm32.11.3.rel1.win32_1.1.100.202309141235/tools/bin/../lib/gcc/arm-none-eabi/11.3.1/../../../../arm-none-eabi/lib/thumb/v6-m/nofp\libm.a
END GROUP
START GROUP
LOAD C:/ST/STM32CubeIDE_1.14.1/STM32CubeIDE/plugins/com.st.stm32cube.ide.mcu.externaltools.gnu-tools-for-stm32.11.3.rel1.win32_1.1.100.202309141235/tools/bin/../lib/gcc/arm-none-eabi/11.3.1/thumb/v6-m/nofp\libgcc.a
LOAD C:/ST/STM32CubeIDE_1.14.1/STM32CubeIDE/plugins/com.st.stm32cube.ide.mcu.externaltools.gnu-tools-for-stm32.11.3.rel1.win32_1.1.100.202309141235/tools/bin/../lib/gcc/arm-none-eabi/11.3.1/../../../../arm-none-eabi/lib/thumb/v6-m/nofp\libc_nano.a
END GROUP
START GROUP
LOAD C:/ST/STM32CubeIDE_1.14.1/STM32CubeIDE/plugins/com.st.stm32cube.ide.mcu.externaltools.gnu-tools-for-stm32.11.3.rel1.win32_1.1.100.202309141235/tools/bin/../lib/gcc/arm-none-eabi/11.3.1/thumb/v6-m/nofp\libgcc.a
LOAD C:/ST/STM32CubeIDE_1.14.1/STM32CubeIDE/plugins/com.st.stm32cube.ide.mcu.externaltools.gnu-tools-for-stm32.11.3.rel1.win32_1.1.100.202309141235/tools/bin/../lib/gcc/arm-none-eabi/11.3.1/../../../../arm-none-eabi/lib/thumb/v6-m/nofp\libc_nano.a
LOAD C:/ST/STM32CubeIDE_1.14.1/STM32CubeIDE/plugins/com.st.stm32cube.ide.mcu.externaltools.gnu-tools-for-stm32.11.3.rel1.win32_1.1.100.202309141235/tools/bin/../lib/gcc/arm-none-eabi/11.3.1/../../../../arm-none-eabi/lib/thumb/v6-m/nofp\libnosys.a
END GROUP
START GROUP
LOAD C:/ST/STM32CubeIDE_1.14.1/STM32CubeIDE/plugins/com.st.stm32cube.ide.mcu.externaltools.gnu-tools-for-stm32.11.3.rel1.win32_1.1.100.202309141235/tools/bin/../lib/gcc/arm-none-eabi/11.3.1/thumb/v6-m/nofp\libgcc.a
LOAD C:/ST/STM32CubeIDE_1.14.1/STM32CubeIDE/plugins/com.st.stm32cube.ide.mcu.externaltools.gnu-tools-for-stm32.11.3.rel1.win32_1.1.100.202309141235/tools/bin/../lib/gcc/arm-none-eabi/11.3.1/../../../../arm-none-eabi/lib/thumb/v6-m/nofp\libc_nano.a
LOAD C:/ST/STM32CubeIDE_1.14.1/STM32CubeIDE/plugins/com.st.stm32cube.ide.mcu.externaltools.gnu-tools-for-stm32.11.3.rel1.win32_1.1.100.202309141235/tools/bin/../lib/gcc/arm-none-eabi/11.3.1/../../../../arm-none-eabi/lib/thumb/v6-m/nofp\libnosys.a
END GROUP
LOAD C:/ST/STM32CubeIDE_1.14.1/STM32CubeIDE/plugins/com.st.stm32cube.ide.mcu.externaltools.gnu-tools-for-stm32.11.3.rel1.win32_1.1.100.202309141235/tools/bin/../lib/gcc/arm-none-eabi/11.3.1/thumb/v6-m/nofp/crtend.o
LOAD C:/ST/STM32CubeIDE_1.14.1/STM32CubeIDE/plugins/com.st.stm32cube.ide.mcu.externaltools.gnu-tools-for-stm32.11.3.rel1.win32_1.1.100.202309141235/tools/bin/../lib/gcc/arm-none-eabi/11.3.1/thumb/v6-m/nofp/crtn.o
                0x0000000020009000                _estack = (ORIGIN (RAM) + LENGTH (RAM))
                0x0000000000000200                _Min_Heap_Size = 0x200
                0x0000000000000400                _Min_Stack_Size = 0x400

.isr_vector     0x0000000008000000       0xbc
                0x0000000008000000                . = ALIGN (0x4)
 *(.isr_vector)
 .isr_vector    0x0000000008000000       0xbc ./Core/Startup/startup_stm32g071rbtx.o
                0x0000000008000000                g_pfnVectors
                0x00000000080000bc                . = ALIGN (0x4)

.text           0x00000000080000bc     0x673c
                0x00000000080000bc                . = ALIGN (0x4)
 *(.text)
 .text          0x00000000080000bc       0x48 C:/ST/STM32CubeIDE_1.14.1/STM32CubeIDE/plugins/com.st.stm32cube.ide.mcu.externaltools.gnu-tools-for-stm32.11.3.rel1.win32_1.1.100.202309141235/tools/bin/../lib/gcc/arm-none-eabi/11.3.1/thumb/v6-m/nofp/crtbegin.o
 .text          0x0000000008000104        0xe C:/ST/STM32CubeIDE_1.14.1/STM32CubeIDE/plugins/com.st.stm32cube.ide.mcu.externaltools.gnu-tools-for-stm32.11.3.rel1.win32_1.1.100.202309141235/tools/bin/../lib/gcc/arm-none-eabi/11.3.1/../../../../arm-none-eabi/lib/thumb/v6-m/nofp\libc_nano.a(libc_a-strlen.o)
                0x0000000008000104                strlen
 *fill*         0x0000000008000112        0x2 
 .text          0x0000000008000114       0x14 C:/ST/STM32CubeIDE_1.14.1/STM32CubeIDE/plugins/com.st.stm32cube.ide.mcu.externaltools.gnu-tools-for-stm32.11.3.rel1.win32_1.1.100.202309141235/tools/bin/../lib/gcc/arm-none-eabi/11.3.1/thumb/v6-m/nofp\libgcc.a(_thumb1_case_shi.o)
                0x0000000008000114                __gnu_thumb1_case_shi
 .text          0x0000000008000128      0x114 C:/ST/STM32CubeIDE_1.14.1/STM32CubeIDE/plugins/com.st.stm32cube.ide.mcu.externaltools.gnu-tools-for-stm32.11.3.rel1.win32_1.1.100.202309141235/tools/bin/../lib/gcc/arm-none-eabi/11.3.1/thumb/v6-m/nofp\libgcc.a(_udivsi3.o)
                0x0000000008000128                __aeabi_uidiv
                0x0000000008000128                __udivsi3
                0x0000000008000234                __aeabi_uidivmod
 .text          0x000000000800023c      0x1d4 C:/ST/STM32CubeIDE_1.14.1/STM32CubeIDE/plugins/com.st.stm32cube.ide.mcu.externaltools.gnu-tools-for-stm32.11.3.rel1.win32_1.1.100.202309141235/tools/bin/../lib/gcc/arm-none-eabi/11.3.1/thumb/v6-m/nofp\libgcc.a(_divsi3.o)
                0x000000000800023c                __divsi3
                0x000000000800023c                __aeabi_idiv
                0x0000000008000408                __aeabi_idivmod
 .text          0x0000000008000410        0x4 C:/ST/STM32CubeIDE_1.14.1/STM32CubeIDE/plugins/com.st.stm32cube.ide.mcu.externaltools.gnu-tools-for-stm32.11.3.rel1.win32_1.1.100.202309141235/tools/bin/../lib/gcc/arm-none-eabi/11.3.1/thumb/v6-m/nofp\libgcc.a(_dvmd_tls.o)
                0x0000000008000410                __aeabi_idiv0
                0x0000000008000410                __aeabi_ldiv0
 .text          0x0000000008000414       0x40 C:/ST/STM32CubeIDE_1.14.1/STM32CubeIDE/plugins/com.st.stm32cube.ide.mcu.externaltools.gnu-tools-for-stm32.11.3.rel1.win32_1.1.100.202309141235/tools/bin/../lib/gcc/arm-none-eabi/11.3.1/thumb/v6-m/nofp\libgcc.a(_aeabi_uldivmod.o)
                0x0000000008000414                __aeabi_uldivmod
 .text          0x0000000008000454      0x198 C:/ST/STM32CubeIDE_1.14.1/STM32CubeIDE/plugins/com.st.stm32cube.ide.mcu.externaltools.gnu-tools-for-stm32.11.3.rel1.win32_1.1.100.202309141235/tools/bin/../lib/gcc/arm-none-eabi/11.3.1/thumb/v6-m/nofp\libgcc.a(_udivmoddi4.o)
                0x0000000008000454                __udivmoddi4
 .text          0x00000000080005ec      0x6c0 C:/ST/STM32CubeIDE_1.14.1/STM32CubeIDE/plugins/com.st.stm32cube.ide.mcu.externaltools.gnu-tools-for-stm32.11.3.rel1.win32_1.1.100.202309141235/tools/bin/../lib/gcc/arm-none-eabi/11.3.1/thumb/v6-m/nofp\libgcc.a(adddf3.o)
                0x00000000080005ec                __aeabi_dadd
 .text          0x0000000008000cac      0x584 C:/ST/STM32CubeIDE_1.14.1/STM32CubeIDE/plugins/com.st.stm32cube.ide.mcu.externaltools.gnu-tools-for-stm32.11.3.rel1.win32_1.1.100.202309141235/tools/bin/../lib/gcc/arm-none-eabi/11.3.1/thumb/v6-m/nofp\libgcc.a(muldf3.o)
                0x0000000008000cac                __aeabi_dmul
 .text          0x0000000008001230       0x6c C:/ST/STM32CubeIDE_1.14.1/STM32CubeIDE/plugins/com.st.stm32cube.ide.mcu.externaltools.gnu-tools-for-stm32.11.3.rel1.win32_1.1.100.202309141235/tools/bin/../lib/gcc/arm-none-eabi/11.3.1/thumb/v6-m/nofp\libgcc.a(fixdfsi.o)
                0x0000000008001230                __aeabi_d2iz
 .text          0x000000000800129c       0x60 C:/ST/STM32CubeIDE_1.14.1/STM32CubeIDE/plugins/com.st.stm32cube.ide.mcu.externaltools.gnu-tools-for-stm32.11.3.rel1.win32_1.1.100.202309141235/tools/bin/../lib/gcc/arm-none-eabi/11.3.1/thumb/v6-m/nofp\libgcc.a(floatsidf.o)
                0x000000000800129c                __aeabi_i2d
 .text          0x00000000080012fc       0x4c C:/ST/STM32CubeIDE_1.14.1/STM32CubeIDE/plugins/com.st.stm32cube.ide.mcu.externaltools.gnu-tools-for-stm32.11.3.rel1.win32_1.1.100.202309141235/tools/bin/../lib/gcc/arm-none-eabi/11.3.1/thumb/v6-m/nofp\libgcc.a(floatunsidf.o)
                0x00000000080012fc                __aeabi_ui2d
 .text          0x0000000008001348       0x3c C:/ST/STM32CubeIDE_1.14.1/STM32CubeIDE/plugins/com.st.stm32cube.ide.mcu.externaltools.gnu-tools-for-stm32.11.3.rel1.win32_1.1.100.202309141235/tools/bin/../lib/gcc/arm-none-eabi/11.3.1/thumb/v6-m/nofp\libgcc.a(_clzsi2.o)
                0x0000000008001348                __clzsi2
 .text          0x0000000008001384       0x18 C:/ST/STM32CubeIDE_1.14.1/STM32CubeIDE/plugins/com.st.stm32cube.ide.mcu.externaltools.gnu-tools-for-stm32.11.3.rel1.win32_1.1.100.202309141235/tools/bin/../lib/gcc/arm-none-eabi/11.3.1/thumb/v6-m/nofp\libgcc.a(_clzdi2.o)
                0x0000000008001384                __clzdi2
 *(.text*)
 .text.lcd_send_cmd
                0x000000000800139c       0x7c ./Core/Src/i2c-lcd.o
                0x000000000800139c                lcd_send_cmd
 .text.lcd_send_data
                0x0000000008001418       0x7c ./Core/Src/i2c-lcd.o
                0x0000000008001418                lcd_send_data
 .text.lcd_clear
                0x0000000008001494       0x2e ./Core/Src/i2c-lcd.o
                0x0000000008001494                lcd_clear
 .text.lcd_put_cur
                0x00000000080014c2       0x3e ./Core/Src/i2c-lcd.o
                0x00000000080014c2                lcd_put_cur
 .text.lcd_init
                0x0000000008001500       0x7c ./Core/Src/i2c-lcd.o
                0x0000000008001500                lcd_init
 .text.lcd_send_string
                0x000000000800157c       0x2a ./Core/Src/i2c-lcd.o
                0x000000000800157c                lcd_send_string
 *fill*         0x00000000080015a6        0x2 
 .text.i2cScanner
                0x00000000080015a8       0xbc ./Core/Src/i2cScanner.o
                0x00000000080015a8                i2cScanner
 .text.main     0x0000000008001664      0x3d4 ./Core/Src/main.o
                0x0000000008001664                main
 .text.SystemClock_Config
                0x0000000008001a38       0x90 ./Core/Src/main.o
                0x0000000008001a38                SystemClock_Config
 .text.MX_I2C1_Init
                0x0000000008001ac8       0x80 ./Core/Src/main.o
 .text.MX_USART2_UART_Init
                0x0000000008001b48       0x9c ./Core/Src/main.o
 .text.MX_GPIO_Init
                0x0000000008001be4       0xb8 ./Core/Src/main.o
 .text.Error_Handler
                0x0000000008001c9c        0xa ./Core/Src/main.o
                0x0000000008001c9c                Error_Handler
 .text.SPL06_007_Initialise
                0x0000000008001ca6      0x142 ./Core/Src/spl06-007.o
                0x0000000008001ca6                SPL06_007_Initialise
 .text.SPL06_007_calcCompTemp
                0x0000000008001de8       0x98 ./Core/Src/spl06-007.o
                0x0000000008001de8                SPL06_007_calcCompTemp
 .text.SPL06_007_getRawTemp
                0x0000000008001e80       0x78 ./Core/Src/spl06-007.o
                0x0000000008001e80                SPL06_007_getRawTemp
 .text.SPL06_007_getSplitHighCoefficient
                0x0000000008001ef8       0x70 ./Core/Src/spl06-007.o
                0x0000000008001ef8                SPL06_007_getSplitHighCoefficient
 .text.SPL06_007_getSplitLowCoefficient
                0x0000000008001f68       0x94 ./Core/Src/spl06-007.o
                0x0000000008001f68                SPL06_007_getSplitLowCoefficient
 .text.read_12_bit_value
                0x0000000008001ffc       0x36 ./Core/Src/spl06-007.o
                0x0000000008001ffc                read_12_bit_value
 .text.SPL06_007_getRegisterValue
                0x0000000008002032       0x2a ./Core/Src/spl06-007.o
                0x0000000008002032                SPL06_007_getRegisterValue
 .text.SPL06_007_ReadRegister
                0x000000000800205c       0x3c ./Core/Src/spl06-007.o
                0x000000000800205c                SPL06_007_ReadRegister
 .text.SPL06_007_WriteRegister
                0x0000000008002098       0x3c ./Core/Src/spl06-007.o
                0x0000000008002098                SPL06_007_WriteRegister
 .text.SSD1306_ScrollRight
                0x00000000080020d4       0x72 ./Core/Src/ssd1306.o
                0x00000000080020d4                SSD1306_ScrollRight
 .text.SSD1306_ScrollLeft
                0x0000000008002146       0x72 ./Core/Src/ssd1306.o
                0x0000000008002146                SSD1306_ScrollLeft
 .text.SSD1306_Scrolldiagright
                0x00000000080021b8       0x86 ./Core/Src/ssd1306.o
                0x00000000080021b8                SSD1306_Scrolldiagright
 .text.SSD1306_Scrolldiagleft
                0x000000000800223e       0x86 ./Core/Src/ssd1306.o
                0x000000000800223e                SSD1306_Scrolldiagleft
 .text.SSD1306_Stopscroll
                0x00000000080022c4       0x14 ./Core/Src/ssd1306.o
                0x00000000080022c4                SSD1306_Stopscroll
 .text.SSD1306_InvertDisplay
                0x00000000080022d8       0x2c ./Core/Src/ssd1306.o
                0x00000000080022d8                SSD1306_InvertDisplay
 .text.SSD1306_DrawBitmap
                0x0000000008002304      0x13e ./Core/Src/ssd1306.o
                0x0000000008002304                SSD1306_DrawBitmap
 *fill*         0x0000000008002442        0x2 
 .text.SSD1306_Init
                0x0000000008002444      0x188 ./Core/Src/ssd1306.o
                0x0000000008002444                SSD1306_Init
 .text.SSD1306_UpdateScreen
                0x00000000080025cc       0x68 ./Core/Src/ssd1306.o
                0x00000000080025cc                SSD1306_UpdateScreen
 .text.SSD1306_Fill
                0x0000000008002634       0x34 ./Core/Src/ssd1306.o
                0x0000000008002634                SSD1306_Fill
 .text.SSD1306_DrawPixel
                0x0000000008002668       0xdc ./Core/Src/ssd1306.o
                0x0000000008002668                SSD1306_DrawPixel
 .text.SSD1306_Clear
                0x0000000008002744       0x14 ./Core/Src/ssd1306.o
                0x0000000008002744                SSD1306_Clear
 .text.ssd1306_I2C_Init
                0x0000000008002758       0x28 ./Core/Src/ssd1306.o
                0x0000000008002758                ssd1306_I2C_Init
 .text.ssd1306_I2C_WriteMulti
                0x0000000008002780       0xd8 ./Core/Src/ssd1306.o
                0x0000000008002780                ssd1306_I2C_WriteMulti
 .text.ssd1306_I2C_Write
                0x0000000008002858       0x50 ./Core/Src/ssd1306.o
                0x0000000008002858                ssd1306_I2C_Write
 .text.HAL_MspInit
                0x00000000080028a8       0x50 ./Core/Src/stm32g0xx_hal_msp.o
                0x00000000080028a8                HAL_MspInit
 .text.HAL_I2C_MspInit
                0x00000000080028f8       0xc4 ./Core/Src/stm32g0xx_hal_msp.o
                0x00000000080028f8                HAL_I2C_MspInit
 .text.HAL_UART_MspInit
                0x00000000080029bc       0xc0 ./Core/Src/stm32g0xx_hal_msp.o
                0x00000000080029bc                HAL_UART_MspInit
 .text.NMI_Handler
                0x0000000008002a7c        0x6 ./Core/Src/stm32g0xx_it.o
                0x0000000008002a7c                NMI_Handler
 .text.HardFault_Handler
                0x0000000008002a82        0x6 ./Core/Src/stm32g0xx_it.o
                0x0000000008002a82                HardFault_Handler
 .text.SVC_Handler
                0x0000000008002a88        0xa ./Core/Src/stm32g0xx_it.o
                0x0000000008002a88                SVC_Handler
 .text.PendSV_Handler
                0x0000000008002a92        0xa ./Core/Src/stm32g0xx_it.o
                0x0000000008002a92                PendSV_Handler
 .text.SysTick_Handler
                0x0000000008002a9c        0xe ./Core/Src/stm32g0xx_it.o
                0x0000000008002a9c                SysTick_Handler
 *fill*         0x0000000008002aaa        0x2 
 .text._sbrk    0x0000000008002aac       0x6c ./Core/Src/sysmem.o
                0x0000000008002aac                _sbrk
 .text.SystemInit
                0x0000000008002b18        0xa ./Core/Src/system_stm32g0xx.o
                0x0000000008002b18                SystemInit
 *fill*         0x0000000008002b22        0x2 
 .text.Reset_Handler
                0x0000000008002b24       0x50 ./Core/Startup/startup_stm32g071rbtx.o
                0x0000000008002b24                Reset_Handler
 .text.Default_Handler
                0x0000000008002b74        0x2 ./Core/Startup/startup_stm32g071rbtx.o
                0x0000000008002b74                USART3_4_LPUART1_IRQHandler
                0x0000000008002b74                TIM1_CC_IRQHandler
                0x0000000008002b74                ADC1_COMP_IRQHandler
                0x0000000008002b74                PVD_IRQHandler
                0x0000000008002b74                I2C1_IRQHandler
                0x0000000008002b74                TIM7_LPTIM2_IRQHandler
                0x0000000008002b74                RTC_TAMP_IRQHandler
                0x0000000008002b74                SPI1_IRQHandler
                0x0000000008002b74                EXTI2_3_IRQHandler
                0x0000000008002b74                I2C2_IRQHandler
                0x0000000008002b74                TIM17_IRQHandler
                0x0000000008002b74                TIM16_IRQHandler
                0x0000000008002b74                TIM3_IRQHandler
                0x0000000008002b74                EXTI4_15_IRQHandler
                0x0000000008002b74                RCC_IRQHandler
                0x0000000008002b74                DMA1_Channel1_IRQHandler
                0x0000000008002b74                Default_Handler
                0x0000000008002b74                CEC_IRQHandler
                0x0000000008002b74                TIM14_IRQHandler
                0x0000000008002b74                TIM15_IRQHandler
                0x0000000008002b74                EXTI0_1_IRQHandler
                0x0000000008002b74                SPI2_IRQHandler
                0x0000000008002b74                TIM6_DAC_LPTIM1_IRQHandler
                0x0000000008002b74                WWDG_IRQHandler
                0x0000000008002b74                TIM2_IRQHandler
                0x0000000008002b74                DMA1_Ch4_7_DMAMUX1_OVR_IRQHandler
                0x0000000008002b74                DMA1_Channel2_3_IRQHandler
                0x0000000008002b74                UCPD1_2_IRQHandler
                0x0000000008002b74                USART2_IRQHandler
                0x0000000008002b74                FLASH_IRQHandler
                0x0000000008002b74                USART1_IRQHandler
                0x0000000008002b74                TIM1_BRK_UP_TRG_COM_IRQHandler
 *fill*         0x0000000008002b76        0x2 
 .text.HAL_Init
                0x0000000008002b78       0x40 ./Drivers/STM32G0xx_HAL_Driver/Src/stm32g0xx_hal.o
                0x0000000008002b78                HAL_Init
 .text.HAL_InitTick
                0x0000000008002bb8       0x94 ./Drivers/STM32G0xx_HAL_Driver/Src/stm32g0xx_hal.o
                0x0000000008002bb8                HAL_InitTick
 .text.HAL_IncTick
                0x0000000008002c4c       0x24 ./Drivers/STM32G0xx_HAL_Driver/Src/stm32g0xx_hal.o
                0x0000000008002c4c                HAL_IncTick
 .text.HAL_GetTick
                0x0000000008002c70       0x14 ./Drivers/STM32G0xx_HAL_Driver/Src/stm32g0xx_hal.o
                0x0000000008002c70                HAL_GetTick
 .text.HAL_Delay
                0x0000000008002c84       0x48 ./Drivers/STM32G0xx_HAL_Driver/Src/stm32g0xx_hal.o
                0x0000000008002c84                HAL_Delay
 .text.HAL_SYSCFG_StrobeDBattpinsConfig
                0x0000000008002ccc       0x2c ./Drivers/STM32G0xx_HAL_Driver/Src/stm32g0xx_hal.o
                0x0000000008002ccc                HAL_SYSCFG_StrobeDBattpinsConfig
 .text.__NVIC_SetPriority
                0x0000000008002cf8       0xdc ./Drivers/STM32G0xx_HAL_Driver/Src/stm32g0xx_hal_cortex.o
 .text.SysTick_Config
                0x0000000008002dd4       0x48 ./Drivers/STM32G0xx_HAL_Driver/Src/stm32g0xx_hal_cortex.o
 .text.HAL_NVIC_SetPriority
                0x0000000008002e1c       0x2a ./Drivers/STM32G0xx_HAL_Driver/Src/stm32g0xx_hal_cortex.o
                0x0000000008002e1c                HAL_NVIC_SetPriority
 .text.HAL_SYSTICK_Config
                0x0000000008002e46       0x1a ./Drivers/STM32G0xx_HAL_Driver/Src/stm32g0xx_hal_cortex.o
                0x0000000008002e46                HAL_SYSTICK_Config
 .text.HAL_GPIO_Init
                0x0000000008002e60      0x2c8 ./Drivers/STM32G0xx_HAL_Driver/Src/stm32g0xx_hal_gpio.o
                0x0000000008002e60                HAL_GPIO_Init
 .text.HAL_GPIO_WritePin
                0x0000000008003128       0x3a ./Drivers/STM32G0xx_HAL_Driver/Src/stm32g0xx_hal_gpio.o
                0x0000000008003128                HAL_GPIO_WritePin
 *fill*         0x0000000008003162        0x2 
 .text.HAL_I2C_Init
                0x0000000008003164      0x14c ./Drivers/STM32G0xx_HAL_Driver/Src/stm32g0xx_hal_i2c.o
                0x0000000008003164                HAL_I2C_Init
 .text.HAL_I2C_Master_Transmit
                0x00000000080032b0      0x254 ./Drivers/STM32G0xx_HAL_Driver/Src/stm32g0xx_hal_i2c.o
                0x00000000080032b0                HAL_I2C_Master_Transmit
 .text.HAL_I2C_Mem_Write
                0x0000000008003504      0x25c ./Drivers/STM32G0xx_HAL_Driver/Src/stm32g0xx_hal_i2c.o
                0x0000000008003504                HAL_I2C_Mem_Write
 .text.HAL_I2C_Mem_Read
                0x0000000008003760      0x268 ./Drivers/STM32G0xx_HAL_Driver/Src/stm32g0xx_hal_i2c.o
                0x0000000008003760                HAL_I2C_Mem_Read
 .text.HAL_I2C_IsDeviceReady
                0x00000000080039c8      0x1f8 ./Drivers/STM32G0xx_HAL_Driver/Src/stm32g0xx_hal_i2c.o
                0x00000000080039c8                HAL_I2C_IsDeviceReady
 .text.I2C_RequestMemoryWrite
                0x0000000008003bc0       0xc8 ./Drivers/STM32G0xx_HAL_Driver/Src/stm32g0xx_hal_i2c.o
 .text.I2C_RequestMemoryRead
                0x0000000008003c88       0xc4 ./Drivers/STM32G0xx_HAL_Driver/Src/stm32g0xx_hal_i2c.o
 .text.I2C_Flush_TXDR
                0x0000000008003d4c       0x44 ./Drivers/STM32G0xx_HAL_Driver/Src/stm32g0xx_hal_i2c.o
 .text.I2C_WaitOnFlagUntilTimeout
                0x0000000008003d90       0xb0 ./Drivers/STM32G0xx_HAL_Driver/Src/stm32g0xx_hal_i2c.o
 .text.I2C_WaitOnTXISFlagUntilTimeout
                0x0000000008003e40       0x8c ./Drivers/STM32G0xx_HAL_Driver/Src/stm32g0xx_hal_i2c.o
 .text.I2C_WaitOnSTOPFlagUntilTimeout
                0x0000000008003ecc       0x86 ./Drivers/STM32G0xx_HAL_Driver/Src/stm32g0xx_hal_i2c.o
 *fill*         0x0000000008003f52        0x2 
 .text.I2C_IsErrorOccurred
                0x0000000008003f54      0x200 ./Drivers/STM32G0xx_HAL_Driver/Src/stm32g0xx_hal_i2c.o
 .text.I2C_TransferConfig
                0x0000000008004154       0x74 ./Drivers/STM32G0xx_HAL_Driver/Src/stm32g0xx_hal_i2c.o
 .text.HAL_I2CEx_ConfigAnalogFilter
                0x00000000080041c8       0x98 ./Drivers/STM32G0xx_HAL_Driver/Src/stm32g0xx_hal_i2c_ex.o
                0x00000000080041c8                HAL_I2CEx_ConfigAnalogFilter
 .text.HAL_I2CEx_ConfigDigitalFilter
                0x0000000008004260       0x98 ./Drivers/STM32G0xx_HAL_Driver/Src/stm32g0xx_hal_i2c_ex.o
                0x0000000008004260                HAL_I2CEx_ConfigDigitalFilter
 .text.HAL_PWREx_ControlVoltageScaling
                0x00000000080042f8       0x80 ./Drivers/STM32G0xx_HAL_Driver/Src/stm32g0xx_hal_pwr_ex.o
                0x00000000080042f8                HAL_PWREx_ControlVoltageScaling
 .text.LL_RCC_GetAPB1Prescaler
                0x0000000008004378       0x18 ./Drivers/STM32G0xx_HAL_Driver/Src/stm32g0xx_hal_rcc.o
 .text.HAL_RCC_OscConfig
                0x0000000008004390      0x634 ./Drivers/STM32G0xx_HAL_Driver/Src/stm32g0xx_hal_rcc.o
                0x0000000008004390                HAL_RCC_OscConfig
 .text.HAL_RCC_ClockConfig
                0x00000000080049c4      0x210 ./Drivers/STM32G0xx_HAL_Driver/Src/stm32g0xx_hal_rcc.o
                0x00000000080049c4                HAL_RCC_ClockConfig
 .text.HAL_RCC_GetSysClockFreq
                0x0000000008004bd4      0x104 ./Drivers/STM32G0xx_HAL_Driver/Src/stm32g0xx_hal_rcc.o
                0x0000000008004bd4                HAL_RCC_GetSysClockFreq
 .text.HAL_RCC_GetHCLKFreq
                0x0000000008004cd8       0x14 ./Drivers/STM32G0xx_HAL_Driver/Src/stm32g0xx_hal_rcc.o
                0x0000000008004cd8                HAL_RCC_GetHCLKFreq
 .text.HAL_RCC_GetPCLK1Freq
                0x0000000008004cec       0x2c ./Drivers/STM32G0xx_HAL_Driver/Src/stm32g0xx_hal_rcc.o
                0x0000000008004cec                HAL_RCC_GetPCLK1Freq
 .text.HAL_RCCEx_PeriphCLKConfig
                0x0000000008004d18      0x370 ./Drivers/STM32G0xx_HAL_Driver/Src/stm32g0xx_hal_rcc_ex.o
                0x0000000008004d18                HAL_RCCEx_PeriphCLKConfig
 .text.HAL_UART_Init
                0x0000000008005088       0xac ./Drivers/STM32G0xx_HAL_Driver/Src/stm32g0xx_hal_uart.o
                0x0000000008005088                HAL_UART_Init
 .text.HAL_UART_Transmit
                0x0000000008005134      0x148 ./Drivers/STM32G0xx_HAL_Driver/Src/stm32g0xx_hal_uart.o
                0x0000000008005134                HAL_UART_Transmit
 .text.UART_SetConfig
                0x000000000800527c      0x57c ./Drivers/STM32G0xx_HAL_Driver/Src/stm32g0xx_hal_uart.o
                0x000000000800527c                UART_SetConfig
 .text.UART_AdvFeatureConfig
                0x00000000080057f8      0x168 ./Drivers/STM32G0xx_HAL_Driver/Src/stm32g0xx_hal_uart.o
                0x00000000080057f8                UART_AdvFeatureConfig
 .text.UART_CheckIdleState
                0x0000000008005960      0x154 ./Drivers/STM32G0xx_HAL_Driver/Src/stm32g0xx_hal_uart.o
                0x0000000008005960                UART_CheckIdleState
 .text.UART_WaitOnFlagUntilTimeout
                0x0000000008005ab4       0xde ./Drivers/STM32G0xx_HAL_Driver/Src/stm32g0xx_hal_uart.o
                0x0000000008005ab4                UART_WaitOnFlagUntilTimeout
 *fill*         0x0000000008005b92        0x2 
 .text.UART_EndRxTransfer
                0x0000000008005b94       0xcc ./Drivers/STM32G0xx_HAL_Driver/Src/stm32g0xx_hal_uart.o
 .text.HAL_UARTEx_DisableFifoMode
                0x0000000008005c60       0x74 ./Drivers/STM32G0xx_HAL_Driver/Src/stm32g0xx_hal_uart_ex.o
                0x0000000008005c60                HAL_UARTEx_DisableFifoMode
 .text.HAL_UARTEx_SetTxFifoThreshold
                0x0000000008005cd4       0x7e ./Drivers/STM32G0xx_HAL_Driver/Src/stm32g0xx_hal_uart_ex.o
                0x0000000008005cd4                HAL_UARTEx_SetTxFifoThreshold
 *fill*         0x0000000008005d52        0x2 
 .text.HAL_UARTEx_SetRxFifoThreshold
                0x0000000008005d54       0x84 ./Drivers/STM32G0xx_HAL_Driver/Src/stm32g0xx_hal_uart_ex.o
                0x0000000008005d54                HAL_UARTEx_SetRxFifoThreshold
 .text.UARTEx_SetNbDataToProcess
                0x0000000008005dd8       0xbc ./Drivers/STM32G0xx_HAL_Driver/Src/stm32g0xx_hal_uart_ex.o
 .text.sprintf  0x0000000008005e94       0x40 C:/ST/STM32CubeIDE_1.14.1/STM32CubeIDE/plugins/com.st.stm32cube.ide.mcu.externaltools.gnu-tools-for-stm32.11.3.rel1.win32_1.1.100.202309141235/tools/bin/../lib/gcc/arm-none-eabi/11.3.1/../../../../arm-none-eabi/lib/thumb/v6-m/nofp\libc_nano.a(libc_a-sprintf.o)
                0x0000000008005e94                siprintf
                0x0000000008005e94                sprintf
 .text.memset   0x0000000008005ed4       0x10 C:/ST/STM32CubeIDE_1.14.1/STM32CubeIDE/plugins/com.st.stm32cube.ide.mcu.externaltools.gnu-tools-for-stm32.11.3.rel1.win32_1.1.100.202309141235/tools/bin/../lib/gcc/arm-none-eabi/11.3.1/../../../../arm-none-eabi/lib/thumb/v6-m/nofp\libc_nano.a(libc_a-memset.o)
                0x0000000008005ed4                memset
 .text.__errno  0x0000000008005ee4        0xc C:/ST/STM32CubeIDE_1.14.1/STM32CubeIDE/plugins/com.st.stm32cube.ide.mcu.externaltools.gnu-tools-for-stm32.11.3.rel1.win32_1.1.100.202309141235/tools/bin/../lib/gcc/arm-none-eabi/11.3.1/../../../../arm-none-eabi/lib/thumb/v6-m/nofp\libc_nano.a(libc_a-errno.o)
                0x0000000008005ee4                __errno
 .text.__libc_init_array
                0x0000000008005ef0       0x48 C:/ST/STM32CubeIDE_1.14.1/STM32CubeIDE/plugins/com.st.stm32cube.ide.mcu.externaltools.gnu-tools-for-stm32.11.3.rel1.win32_1.1.100.202309141235/tools/bin/../lib/gcc/arm-none-eabi/11.3.1/../../../../arm-none-eabi/lib/thumb/v6-m/nofp\libc_nano.a(libc_a-init.o)
                0x0000000008005ef0                __libc_init_array
 .text.__retarget_lock_acquire_recursive
                0x0000000008005f38        0x2 C:/ST/STM32CubeIDE_1.14.1/STM32CubeIDE/plugins/com.st.stm32cube.ide.mcu.externaltools.gnu-tools-for-stm32.11.3.rel1.win32_1.1.100.202309141235/tools/bin/../lib/gcc/arm-none-eabi/11.3.1/../../../../arm-none-eabi/lib/thumb/v6-m/nofp\libc_nano.a(libc_a-lock.o)
                0x0000000008005f38                __retarget_lock_acquire_recursive
 .text.__retarget_lock_release_recursive
                0x0000000008005f3a        0x2 C:/ST/STM32CubeIDE_1.14.1/STM32CubeIDE/plugins/com.st.stm32cube.ide.mcu.externaltools.gnu-tools-for-stm32.11.3.rel1.win32_1.1.100.202309141235/tools/bin/../lib/gcc/arm-none-eabi/11.3.1/../../../../arm-none-eabi/lib/thumb/v6-m/nofp\libc_nano.a(libc_a-lock.o)
                0x0000000008005f3a                __retarget_lock_release_recursive
 .text._free_r  0x0000000008005f3c       0x94 C:/ST/STM32CubeIDE_1.14.1/STM32CubeIDE/plugins/com.st.stm32cube.ide.mcu.externaltools.gnu-tools-for-stm32.11.3.rel1.win32_1.1.100.202309141235/tools/bin/../lib/gcc/arm-none-eabi/11.3.1/../../../../arm-none-eabi/lib/thumb/v6-m/nofp\libc_nano.a(libc_a-freer.o)
                0x0000000008005f3c                _free_r
 .text.sbrk_aligned
                0x0000000008005fd0       0x44 C:/ST/STM32CubeIDE_1.14.1/STM32CubeIDE/plugins/com.st.stm32cube.ide.mcu.externaltools.gnu-tools-for-stm32.11.3.rel1.win32_1.1.100.202309141235/tools/bin/../lib/gcc/arm-none-eabi/11.3.1/../../../../arm-none-eabi/lib/thumb/v6-m/nofp\libc_nano.a(libc_a-mallocr.o)
 .text._malloc_r
                0x0000000008006014      0x104 C:/ST/STM32CubeIDE_1.14.1/STM32CubeIDE/plugins/com.st.stm32cube.ide.mcu.externaltools.gnu-tools-for-stm32.11.3.rel1.win32_1.1.100.202309141235/tools/bin/../lib/gcc/arm-none-eabi/11.3.1/../../../../arm-none-eabi/lib/thumb/v6-m/nofp\libc_nano.a(libc_a-mallocr.o)
                0x0000000008006014                _malloc_r
 .text.__malloc_lock
                0x0000000008006118       0x10 C:/ST/STM32CubeIDE_1.14.1/STM32CubeIDE/plugins/com.st.stm32cube.ide.mcu.externaltools.gnu-tools-for-stm32.11.3.rel1.win32_1.1.100.202309141235/tools/bin/../lib/gcc/arm-none-eabi/11.3.1/../../../../arm-none-eabi/lib/thumb/v6-m/nofp\libc_nano.a(libc_a-mlock.o)
                0x0000000008006118                __malloc_lock
 .text.__malloc_unlock
                0x0000000008006128       0x10 C:/ST/STM32CubeIDE_1.14.1/STM32CubeIDE/plugins/com.st.stm32cube.ide.mcu.externaltools.gnu-tools-for-stm32.11.3.rel1.win32_1.1.100.202309141235/tools/bin/../lib/gcc/arm-none-eabi/11.3.1/../../../../arm-none-eabi/lib/thumb/v6-m/nofp\libc_nano.a(libc_a-mlock.o)
                0x0000000008006128                __malloc_unlock
 .text.__ssputs_r
                0x0000000008006138       0xc4 C:/ST/STM32CubeIDE_1.14.1/STM32CubeIDE/plugins/com.st.stm32cube.ide.mcu.externaltools.gnu-tools-for-stm32.11.3.rel1.win32_1.1.100.202309141235/tools/bin/../lib/gcc/arm-none-eabi/11.3.1/../../../../arm-none-eabi/lib/thumb/v6-m/nofp\libc_nano.a(libc_a-nano-svfprintf.o)
                0x0000000008006138                __ssputs_r
 .text._svfprintf_r
                0x00000000080061fc      0x200 C:/ST/STM32CubeIDE_1.14.1/STM32CubeIDE/plugins/com.st.stm32cube.ide.mcu.externaltools.gnu-tools-for-stm32.11.3.rel1.win32_1.1.100.202309141235/tools/bin/../lib/gcc/arm-none-eabi/11.3.1/../../../../arm-none-eabi/lib/thumb/v6-m/nofp\libc_nano.a(libc_a-nano-svfprintf.o)
                0x00000000080061fc                _svfiprintf_r
                0x00000000080061fc                _svfprintf_r
 .text._printf_common
                0x00000000080063fc       0xde C:/ST/STM32CubeIDE_1.14.1/STM32CubeIDE/plugins/com.st.stm32cube.ide.mcu.externaltools.gnu-tools-for-stm32.11.3.rel1.win32_1.1.100.202309141235/tools/bin/../lib/gcc/arm-none-eabi/11.3.1/../../../../arm-none-eabi/lib/thumb/v6-m/nofp\libc_nano.a(libc_a-nano-vfprintf_i.o)
                0x00000000080063fc                _printf_common
 *fill*         0x00000000080064da        0x2 
 .text._printf_i
                0x00000000080064dc      0x220 C:/ST/STM32CubeIDE_1.14.1/STM32CubeIDE/plugins/com.st.stm32cube.ide.mcu.externaltools.gnu-tools-for-stm32.11.3.rel1.win32_1.1.100.202309141235/tools/bin/../lib/gcc/arm-none-eabi/11.3.1/../../../../arm-none-eabi/lib/thumb/v6-m/nofp\libc_nano.a(libc_a-nano-vfprintf_i.o)
                0x00000000080064dc                _printf_i
 .text.memmove  0x00000000080066fc       0x26 C:/ST/STM32CubeIDE_1.14.1/STM32CubeIDE/plugins/com.st.stm32cube.ide.mcu.externaltools.gnu-tools-for-stm32.11.3.rel1.win32_1.1.100.202309141235/tools/bin/../lib/gcc/arm-none-eabi/11.3.1/../../../../arm-none-eabi/lib/thumb/v6-m/nofp\libc_nano.a(libc_a-memmove.o)
                0x00000000080066fc                memmove
 *fill*         0x0000000008006722        0x2 
 .text._sbrk_r  0x0000000008006724       0x24 C:/ST/STM32CubeIDE_1.14.1/STM32CubeIDE/plugins/com.st.stm32cube.ide.mcu.externaltools.gnu-tools-for-stm32.11.3.rel1.win32_1.1.100.202309141235/tools/bin/../lib/gcc/arm-none-eabi/11.3.1/../../../../arm-none-eabi/lib/thumb/v6-m/nofp\libc_nano.a(libc_a-sbrkr.o)
                0x0000000008006724                _sbrk_r
 .text.memchr   0x0000000008006748       0x16 C:/ST/STM32CubeIDE_1.14.1/STM32CubeIDE/plugins/com.st.stm32cube.ide.mcu.externaltools.gnu-tools-for-stm32.11.3.rel1.win32_1.1.100.202309141235/tools/bin/../lib/gcc/arm-none-eabi/11.3.1/../../../../arm-none-eabi/lib/thumb/v6-m/nofp\libc_nano.a(libc_a-memchr-stub.o)
                0x0000000008006748                memchr
 .text.memcpy   0x000000000800675e       0x12 C:/ST/STM32CubeIDE_1.14.1/STM32CubeIDE/plugins/com.st.stm32cube.ide.mcu.externaltools.gnu-tools-for-stm32.11.3.rel1.win32_1.1.100.202309141235/tools/bin/../lib/gcc/arm-none-eabi/11.3.1/../../../../arm-none-eabi/lib/thumb/v6-m/nofp\libc_nano.a(libc_a-memcpy-stub.o)
                0x000000000800675e                memcpy
 .text._realloc_r
                0x0000000008006770       0x5e C:/ST/STM32CubeIDE_1.14.1/STM32CubeIDE/plugins/com.st.stm32cube.ide.mcu.externaltools.gnu-tools-for-stm32.11.3.rel1.win32_1.1.100.202309141235/tools/bin/../lib/gcc/arm-none-eabi/11.3.1/../../../../arm-none-eabi/lib/thumb/v6-m/nofp\libc_nano.a(libc_a-reallocr.o)
                0x0000000008006770                _realloc_r
 .text._malloc_usable_size_r
                0x00000000080067ce       0x10 C:/ST/STM32CubeIDE_1.14.1/STM32CubeIDE/plugins/com.st.stm32cube.ide.mcu.externaltools.gnu-tools-for-stm32.11.3.rel1.win32_1.1.100.202309141235/tools/bin/../lib/gcc/arm-none-eabi/11.3.1/../../../../arm-none-eabi/lib/thumb/v6-m/nofp\libc_nano.a(libc_a-msizer.o)
                0x00000000080067ce                _malloc_usable_size_r
 *(.glue_7)
 .glue_7        0x00000000080067de        0x0 linker stubs
 *(.glue_7t)
 .glue_7t       0x00000000080067de        0x0 linker stubs
 *(.eh_frame)
 *fill*         0x00000000080067de        0x2 
 .eh_frame      0x00000000080067e0        0x0 C:/ST/STM32CubeIDE_1.14.1/STM32CubeIDE/plugins/com.st.stm32cube.ide.mcu.externaltools.gnu-tools-for-stm32.11.3.rel1.win32_1.1.100.202309141235/tools/bin/../lib/gcc/arm-none-eabi/11.3.1/thumb/v6-m/nofp/crtbegin.o
 *(.init)
 .init          0x00000000080067e0        0x4 C:/ST/STM32CubeIDE_1.14.1/STM32CubeIDE/plugins/com.st.stm32cube.ide.mcu.externaltools.gnu-tools-for-stm32.11.3.rel1.win32_1.1.100.202309141235/tools/bin/../lib/gcc/arm-none-eabi/11.3.1/thumb/v6-m/nofp/crti.o
                0x00000000080067e0                _init
 .init          0x00000000080067e4        0x8 C:/ST/STM32CubeIDE_1.14.1/STM32CubeIDE/plugins/com.st.stm32cube.ide.mcu.externaltools.gnu-tools-for-stm32.11.3.rel1.win32_1.1.100.202309141235/tools/bin/../lib/gcc/arm-none-eabi/11.3.1/thumb/v6-m/nofp/crtn.o
 *(.fini)
 .fini          0x00000000080067ec        0x4 C:/ST/STM32CubeIDE_1.14.1/STM32CubeIDE/plugins/com.st.stm32cube.ide.mcu.externaltools.gnu-tools-for-stm32.11.3.rel1.win32_1.1.100.202309141235/tools/bin/../lib/gcc/arm-none-eabi/11.3.1/thumb/v6-m/nofp/crti.o
                0x00000000080067ec                _fini
 .fini          0x00000000080067f0        0x8 C:/ST/STM32CubeIDE_1.14.1/STM32CubeIDE/plugins/com.st.stm32cube.ide.mcu.externaltools.gnu-tools-for-stm32.11.3.rel1.win32_1.1.100.202309141235/tools/bin/../lib/gcc/arm-none-eabi/11.3.1/thumb/v6-m/nofp/crtn.o
                0x00000000080067f8                . = ALIGN (0x4)
                0x00000000080067f8                _etext = .

.vfp11_veneer   0x00000000080067f8        0x0
 .vfp11_veneer  0x00000000080067f8        0x0 linker stubs

.v4_bx          0x00000000080067f8        0x0
 .v4_bx         0x00000000080067f8        0x0 linker stubs

.iplt           0x00000000080067f8        0x0
 .iplt          0x00000000080067f8        0x0 C:/ST/STM32CubeIDE_1.14.1/STM32CubeIDE/plugins/com.st.stm32cube.ide.mcu.externaltools.gnu-tools-for-stm32.11.3.rel1.win32_1.1.100.202309141235/tools/bin/../lib/gcc/arm-none-eabi/11.3.1/thumb/v6-m/nofp/crtbegin.o

.rodata         0x00000000080067f8     0x2d7c
                0x00000000080067f8                . = ALIGN (0x4)
 *(.rodata)
 .rodata        0x00000000080067f8        0x5 ./Core/Src/i2cScanner.o
 *fill*         0x00000000080067fd        0x3 
 .rodata        0x0000000008006800       0xb5 ./Core/Src/main.o
 *(.rodata*)
 *fill*         0x00000000080068b5        0x3 
 .rodata.horse1
                0x00000000080068b8      0x400 ./Core/Src/main.o
                0x00000000080068b8                horse1
 .rodata.horse2
                0x0000000008006cb8      0x400 ./Core/Src/main.o
                0x0000000008006cb8                horse2
 .rodata.horse3
                0x00000000080070b8      0x400 ./Core/Src/main.o
                0x00000000080070b8                horse3
 .rodata.horse4
                0x00000000080074b8      0x400 ./Core/Src/main.o
                0x00000000080074b8                horse4
 .rodata.horse5
                0x00000000080078b8      0x400 ./Core/Src/main.o
                0x00000000080078b8                horse5
 .rodata.horse6
                0x0000000008007cb8      0x400 ./Core/Src/main.o
                0x0000000008007cb8                horse6
 .rodata.horse7
                0x00000000080080b8      0x400 ./Core/Src/main.o
                0x00000000080080b8                horse7
 .rodata.horse8
                0x00000000080084b8      0x400 ./Core/Src/main.o
                0x00000000080084b8                horse8
 .rodata.horse9
                0x00000000080088b8      0x400 ./Core/Src/main.o
                0x00000000080088b8                horse9
 .rodata.horse10
                0x0000000008008cb8      0x400 ./Core/Src/main.o
                0x0000000008008cb8                horse10
 .rodata.utsma  0x00000000080090b8      0x400 ./Core/Src/main.o
                0x00000000080090b8                utsma
 .rodata.AHBPrescTable
                0x00000000080094b8       0x40 ./Core/Src/system_stm32g0xx.o
                0x00000000080094b8                AHBPrescTable
 .rodata.APBPrescTable
                0x00000000080094f8       0x20 ./Core/Src/system_stm32g0xx.o
                0x00000000080094f8                APBPrescTable
 .rodata.UARTPrescTable
                0x0000000008009518       0x18 ./Drivers/STM32G0xx_HAL_Driver/Src/stm32g0xx_hal_uart.o
                0x0000000008009518                UARTPrescTable
 .rodata.numerator.1
                0x0000000008009530        0x8 ./Drivers/STM32G0xx_HAL_Driver/Src/stm32g0xx_hal_uart_ex.o
 .rodata.denominator.0
                0x0000000008009538        0x8 ./Drivers/STM32G0xx_HAL_Driver/Src/stm32g0xx_hal_uart_ex.o
 .rodata._svfprintf_r.str1.1
                0x0000000008009540       0x11 C:/ST/STM32CubeIDE_1.14.1/STM32CubeIDE/plugins/com.st.stm32cube.ide.mcu.externaltools.gnu-tools-for-stm32.11.3.rel1.win32_1.1.100.202309141235/tools/bin/../lib/gcc/arm-none-eabi/11.3.1/../../../../arm-none-eabi/lib/thumb/v6-m/nofp\libc_nano.a(libc_a-nano-svfprintf.o)
 .rodata._printf_i.str1.1
                0x0000000008009551       0x22 C:/ST/STM32CubeIDE_1.14.1/STM32CubeIDE/plugins/com.st.stm32cube.ide.mcu.externaltools.gnu-tools-for-stm32.11.3.rel1.win32_1.1.100.202309141235/tools/bin/../lib/gcc/arm-none-eabi/11.3.1/../../../../arm-none-eabi/lib/thumb/v6-m/nofp\libc_nano.a(libc_a-nano-vfprintf_i.o)
                0x0000000008009574                . = ALIGN (0x4)
 *fill*         0x0000000008009573        0x1 

.ARM.extab      0x0000000008009574        0x0
                0x0000000008009574                . = ALIGN (0x4)
 *(.ARM.extab* .gnu.linkonce.armextab.*)
                0x0000000008009574                . = ALIGN (0x4)

.ARM            0x0000000008009574        0x8
                0x0000000008009574                . = ALIGN (0x4)
                0x0000000008009574                __exidx_start = .
 *(.ARM.exidx*)
 .ARM.exidx     0x0000000008009574        0x8 C:/ST/STM32CubeIDE_1.14.1/STM32CubeIDE/plugins/com.st.stm32cube.ide.mcu.externaltools.gnu-tools-for-stm32.11.3.rel1.win32_1.1.100.202309141235/tools/bin/../lib/gcc/arm-none-eabi/11.3.1/thumb/v6-m/nofp\libgcc.a(_udivmoddi4.o)
                0x000000000800957c                __exidx_end = .
                0x000000000800957c                . = ALIGN (0x4)

.rel.dyn        0x000000000800957c        0x0
 .rel.iplt      0x000000000800957c        0x0 C:/ST/STM32CubeIDE_1.14.1/STM32CubeIDE/plugins/com.st.stm32cube.ide.mcu.externaltools.gnu-tools-for-stm32.11.3.rel1.win32_1.1.100.202309141235/tools/bin/../lib/gcc/arm-none-eabi/11.3.1/thumb/v6-m/nofp/crtbegin.o

.preinit_array  0x000000000800957c        0x0
                0x000000000800957c                . = ALIGN (0x4)
                0x000000000800957c                PROVIDE (__preinit_array_start = .)
 *(.preinit_array*)
                0x000000000800957c                PROVIDE (__preinit_array_end = .)
                0x000000000800957c                . = ALIGN (0x4)

.init_array     0x000000000800957c        0x4
                0x000000000800957c                . = ALIGN (0x4)
                0x000000000800957c                PROVIDE (__init_array_start = .)
 *(SORT_BY_NAME(.init_array.*))
 *(.init_array*)
 .init_array    0x000000000800957c        0x4 C:/ST/STM32CubeIDE_1.14.1/STM32CubeIDE/plugins/com.st.stm32cube.ide.mcu.externaltools.gnu-tools-for-stm32.11.3.rel1.win32_1.1.100.202309141235/tools/bin/../lib/gcc/arm-none-eabi/11.3.1/thumb/v6-m/nofp/crtbegin.o
                0x0000000008009580                PROVIDE (__init_array_end = .)
                0x0000000008009580                . = ALIGN (0x4)

.fini_array     0x0000000008009580        0x4
                0x0000000008009580                . = ALIGN (0x4)
                [!provide]                        PROVIDE (__fini_array_start = .)
 *(SORT_BY_NAME(.fini_array.*))
 *(.fini_array*)
 .fini_array    0x0000000008009580        0x4 C:/ST/STM32CubeIDE_1.14.1/STM32CubeIDE/plugins/com.st.stm32cube.ide.mcu.externaltools.gnu-tools-for-stm32.11.3.rel1.win32_1.1.100.202309141235/tools/bin/../lib/gcc/arm-none-eabi/11.3.1/thumb/v6-m/nofp/crtbegin.o
                [!provide]                        PROVIDE (__fini_array_end = .)
                0x0000000008009584                . = ALIGN (0x4)
                0x0000000008009584                _sidata = LOADADDR (.data)

.data           0x0000000020000000       0x88 load address 0x0000000008009584
                0x0000000020000000                . = ALIGN (0x4)
                0x0000000020000000                _sdata = .
 *(.data)
 *(.data*)
 .data.Space    0x0000000020000000        0x4 ./Core/Src/i2cScanner.o
                0x0000000020000000                Space
 .data.StartMSG
                0x0000000020000004       0x1a ./Core/Src/i2cScanner.o
                0x0000000020000004                StartMSG
 *fill*         0x000000002000001e        0x2 
 .data.EndMSG   0x0000000020000020        0xb ./Core/Src/i2cScanner.o
                0x0000000020000020                EndMSG
 *fill*         0x000000002000002b        0x1 
 .data.SystemCoreClock
                0x000000002000002c        0x4 ./Core/Src/system_stm32g0xx.o
                0x000000002000002c                SystemCoreClock
 .data.uwTickPrio
                0x0000000020000030        0x4 ./Drivers/STM32G0xx_HAL_Driver/Src/stm32g0xx_hal.o
                0x0000000020000030                uwTickPrio
 .data.uwTickFreq
                0x0000000020000034        0x1 ./Drivers/STM32G0xx_HAL_Driver/Src/stm32g0xx_hal.o
                0x0000000020000034                uwTickFreq
 *fill*         0x0000000020000035        0x3 
 .data._impure_data
                0x0000000020000038       0x4c C:/ST/STM32CubeIDE_1.14.1/STM32CubeIDE/plugins/com.st.stm32cube.ide.mcu.externaltools.gnu-tools-for-stm32.11.3.rel1.win32_1.1.100.202309141235/tools/bin/../lib/gcc/arm-none-eabi/11.3.1/../../../../arm-none-eabi/lib/thumb/v6-m/nofp\libc_nano.a(libc_a-impure.o)
                0x0000000020000038                _impure_data
 .data._impure_ptr
                0x0000000020000084        0x4 C:/ST/STM32CubeIDE_1.14.1/STM32CubeIDE/plugins/com.st.stm32cube.ide.mcu.externaltools.gnu-tools-for-stm32.11.3.rel1.win32_1.1.100.202309141235/tools/bin/../lib/gcc/arm-none-eabi/11.3.1/../../../../arm-none-eabi/lib/thumb/v6-m/nofp\libc_nano.a(libc_a-impure.o)
                0x0000000020000084                _impure_ptr
 *(.RamFunc)
 *(.RamFunc*)
                0x0000000020000088                . = ALIGN (0x4)
                0x0000000020000088                _edata = .

.igot.plt       0x0000000020000088        0x0 load address 0x000000000800960c
 .igot.plt      0x0000000020000088        0x0 C:/ST/STM32CubeIDE_1.14.1/STM32CubeIDE/plugins/com.st.stm32cube.ide.mcu.externaltools.gnu-tools-for-stm32.11.3.rel1.win32_1.1.100.202309141235/tools/bin/../lib/gcc/arm-none-eabi/11.3.1/thumb/v6-m/nofp/crtbegin.o
                0x0000000020000088                . = ALIGN (0x4)

.bss            0x0000000020000088      0x6b0 load address 0x000000000800960c
                0x0000000020000088                _sbss = .
                0x0000000020000088                __bss_start__ = _sbss
 *(.bss)
 .bss           0x0000000020000088       0x1c C:/ST/STM32CubeIDE_1.14.1/STM32CubeIDE/plugins/com.st.stm32cube.ide.mcu.externaltools.gnu-tools-for-stm32.11.3.rel1.win32_1.1.100.202309141235/tools/bin/../lib/gcc/arm-none-eabi/11.3.1/thumb/v6-m/nofp/crtbegin.o
 *(.bss*)
 .bss.Buffer    0x00000000200000a4       0x19 ./Core/Src/i2cScanner.o
                0x00000000200000a4                Buffer
 *fill*         0x00000000200000bd        0x3 
 .bss.hi2c1     0x00000000200000c0       0x54 ./Core/Src/main.o
                0x00000000200000c0                hi2c1
 .bss.huart2    0x0000000020000114       0x94 ./Core/Src/main.o
                0x0000000020000114                huart2
 .bss.pressureSensor
                0x00000000200001a8       0x10 ./Core/Src/main.o
                0x00000000200001a8                pressureSensor
 .bss.msg       0x00000000200001b8       0x28 ./Core/Src/main.o
                0x00000000200001b8                msg
 .bss.SSD1306_Buffer
                0x00000000200001e0      0x400 ./Core/Src/ssd1306.o
 .bss.SSD1306   0x00000000200005e0        0x6 ./Core/Src/ssd1306.o
 *fill*         0x00000000200005e6        0x2 
 .bss.__sbrk_heap_end
                0x00000000200005e8        0x4 ./Core/Src/sysmem.o
 .bss.uwTick    0x00000000200005ec        0x4 ./Drivers/STM32G0xx_HAL_Driver/Src/stm32g0xx_hal.o
                0x00000000200005ec                uwTick
 .bss.__sf      0x00000000200005f0      0x138 C:/ST/STM32CubeIDE_1.14.1/STM32CubeIDE/plugins/com.st.stm32cube.ide.mcu.externaltools.gnu-tools-for-stm32.11.3.rel1.win32_1.1.100.202309141235/tools/bin/../lib/gcc/arm-none-eabi/11.3.1/../../../../arm-none-eabi/lib/thumb/v6-m/nofp\libc_nano.a(libc_a-findfp.o)
                0x00000000200005f0                __sf
 .bss.errno     0x0000000020000728        0x4 C:/ST/STM32CubeIDE_1.14.1/STM32CubeIDE/plugins/com.st.stm32cube.ide.mcu.externaltools.gnu-tools-for-stm32.11.3.rel1.win32_1.1.100.202309141235/tools/bin/../lib/gcc/arm-none-eabi/11.3.1/../../../../arm-none-eabi/lib/thumb/v6-m/nofp\libc_nano.a(libc_a-reent.o)
                0x0000000020000728                errno
 .bss.__lock___malloc_recursive_mutex
                0x000000002000072c        0x1 C:/ST/STM32CubeIDE_1.14.1/STM32CubeIDE/plugins/com.st.stm32cube.ide.mcu.externaltools.gnu-tools-for-stm32.11.3.rel1.win32_1.1.100.202309141235/tools/bin/../lib/gcc/arm-none-eabi/11.3.1/../../../../arm-none-eabi/lib/thumb/v6-m/nofp\libc_nano.a(libc_a-lock.o)
                0x000000002000072c                __lock___malloc_recursive_mutex
 *fill*         0x000000002000072d        0x3 
 .bss.__malloc_free_list
                0x0000000020000730        0x4 C:/ST/STM32CubeIDE_1.14.1/STM32CubeIDE/plugins/com.st.stm32cube.ide.mcu.externaltools.gnu-tools-for-stm32.11.3.rel1.win32_1.1.100.202309141235/tools/bin/../lib/gcc/arm-none-eabi/11.3.1/../../../../arm-none-eabi/lib/thumb/v6-m/nofp\libc_nano.a(libc_a-mallocr.o)
                0x0000000020000730                __malloc_free_list
 .bss.__malloc_sbrk_start
                0x0000000020000734        0x4 C:/ST/STM32CubeIDE_1.14.1/STM32CubeIDE/plugins/com.st.stm32cube.ide.mcu.externaltools.gnu-tools-for-stm32.11.3.rel1.win32_1.1.100.202309141235/tools/bin/../lib/gcc/arm-none-eabi/11.3.1/../../../../arm-none-eabi/lib/thumb/v6-m/nofp\libc_nano.a(libc_a-mallocr.o)
                0x0000000020000734                __malloc_sbrk_start
 *(COMMON)
                0x0000000020000738                . = ALIGN (0x4)
                0x0000000020000738                _ebss = .
                0x0000000020000738                __bss_end__ = _ebss

._user_heap_stack
                0x0000000020000738      0x600 load address 0x000000000800960c
                0x0000000020000738                . = ALIGN (0x8)
                [!provide]                        PROVIDE (end = .)
                0x0000000020000738                PROVIDE (_end = .)
                0x0000000020000938                . = (. + _Min_Heap_Size)
 *fill*         0x0000000020000738      0x200 
                0x0000000020000d38                . = (. + _Min_Stack_Size)
 *fill*         0x0000000020000938      0x400 
                0x0000000020000d38                . = ALIGN (0x8)

/DISCARD/
 libc.a(*)
 libm.a(*)
 libgcc.a(*)

.ARM.attributes
                0x0000000000000000       0x28
 *(.ARM.attributes)
 .ARM.attributes
                0x0000000000000000       0x1e C:/ST/STM32CubeIDE_1.14.1/STM32CubeIDE/plugins/com.st.stm32cube.ide.mcu.externaltools.gnu-tools-for-stm32.11.3.rel1.win32_1.1.100.202309141235/tools/bin/../lib/gcc/arm-none-eabi/11.3.1/thumb/v6-m/nofp/crti.o
 .ARM.attributes
                0x000000000000001e       0x2c C:/ST/STM32CubeIDE_1.14.1/STM32CubeIDE/plugins/com.st.stm32cube.ide.mcu.externaltools.gnu-tools-for-stm32.11.3.rel1.win32_1.1.100.202309141235/tools/bin/../lib/gcc/arm-none-eabi/11.3.1/thumb/v6-m/nofp/crtbegin.o
 .ARM.attributes
                0x000000000000004a       0x2c ./Core/Src/i2c-lcd.o
 .ARM.attributes
                0x0000000000000076       0x2c ./Core/Src/i2cScanner.o
 .ARM.attributes
                0x00000000000000a2       0x2c ./Core/Src/main.o
 .ARM.attributes
                0x00000000000000ce       0x2c ./Core/Src/spl06-007.o
 .ARM.attributes
                0x00000000000000fa       0x2c ./Core/Src/ssd1306.o
 .ARM.attributes
                0x0000000000000126       0x2c ./Core/Src/stm32g0xx_hal_msp.o
 .ARM.attributes
                0x0000000000000152       0x2c ./Core/Src/stm32g0xx_it.o
 .ARM.attributes
                0x000000000000017e       0x2c ./Core/Src/sysmem.o
 .ARM.attributes
                0x00000000000001aa       0x2c ./Core/Src/system_stm32g0xx.o
 .ARM.attributes
                0x00000000000001d6       0x22 ./Core/Startup/startup_stm32g071rbtx.o
 .ARM.attributes
                0x00000000000001f8       0x2c ./Drivers/STM32G0xx_HAL_Driver/Src/stm32g0xx_hal.o
 .ARM.attributes
                0x0000000000000224       0x2c ./Drivers/STM32G0xx_HAL_Driver/Src/stm32g0xx_hal_cortex.o
 .ARM.attributes
                0x0000000000000250       0x2c ./Drivers/STM32G0xx_HAL_Driver/Src/stm32g0xx_hal_gpio.o
 .ARM.attributes
                0x000000000000027c       0x2c ./Drivers/STM32G0xx_HAL_Driver/Src/stm32g0xx_hal_i2c.o
 .ARM.attributes
                0x00000000000002a8       0x2c ./Drivers/STM32G0xx_HAL_Driver/Src/stm32g0xx_hal_i2c_ex.o
 .ARM.attributes
                0x00000000000002d4       0x2c ./Drivers/STM32G0xx_HAL_Driver/Src/stm32g0xx_hal_pwr_ex.o
 .ARM.attributes
                0x0000000000000300       0x2c ./Drivers/STM32G0xx_HAL_Driver/Src/stm32g0xx_hal_rcc.o
 .ARM.attributes
                0x000000000000032c       0x2c ./Drivers/STM32G0xx_HAL_Driver/Src/stm32g0xx_hal_rcc_ex.o
 .ARM.attributes
                0x0000000000000358       0x2c ./Drivers/STM32G0xx_HAL_Driver/Src/stm32g0xx_hal_uart.o
 .ARM.attributes
                0x0000000000000384       0x2c ./Drivers/STM32G0xx_HAL_Driver/Src/stm32g0xx_hal_uart_ex.o
 .ARM.attributes
                0x00000000000003b0       0x2c C:/ST/STM32CubeIDE_1.14.1/STM32CubeIDE/plugins/com.st.stm32cube.ide.mcu.externaltools.gnu-tools-for-stm32.11.3.rel1.win32_1.1.100.202309141235/tools/bin/../lib/gcc/arm-none-eabi/11.3.1/../../../../arm-none-eabi/lib/thumb/v6-m/nofp\libc_nano.a(libc_a-findfp.o)
 .ARM.attributes
                0x00000000000003dc       0x2c C:/ST/STM32CubeIDE_1.14.1/STM32CubeIDE/plugins/com.st.stm32cube.ide.mcu.externaltools.gnu-tools-for-stm32.11.3.rel1.win32_1.1.100.202309141235/tools/bin/../lib/gcc/arm-none-eabi/11.3.1/../../../../arm-none-eabi/lib/thumb/v6-m/nofp\libc_nano.a(libc_a-sprintf.o)
 .ARM.attributes
                0x0000000000000408       0x2c C:/ST/STM32CubeIDE_1.14.1/STM32CubeIDE/plugins/com.st.stm32cube.ide.mcu.externaltools.gnu-tools-for-stm32.11.3.rel1.win32_1.1.100.202309141235/tools/bin/../lib/gcc/arm-none-eabi/11.3.1/../../../../arm-none-eabi/lib/thumb/v6-m/nofp\libc_nano.a(libc_a-memset.o)
 .ARM.attributes
                0x0000000000000434       0x2c C:/ST/STM32CubeIDE_1.14.1/STM32CubeIDE/plugins/com.st.stm32cube.ide.mcu.externaltools.gnu-tools-for-stm32.11.3.rel1.win32_1.1.100.202309141235/tools/bin/../lib/gcc/arm-none-eabi/11.3.1/../../../../arm-none-eabi/lib/thumb/v6-m/nofp\libc_nano.a(libc_a-reent.o)
 .ARM.attributes
                0x0000000000000460       0x2c C:/ST/STM32CubeIDE_1.14.1/STM32CubeIDE/plugins/com.st.stm32cube.ide.mcu.externaltools.gnu-tools-for-stm32.11.3.rel1.win32_1.1.100.202309141235/tools/bin/../lib/gcc/arm-none-eabi/11.3.1/../../../../arm-none-eabi/lib/thumb/v6-m/nofp\libc_nano.a(libc_a-impure.o)
 .ARM.attributes
                0x000000000000048c       0x2c C:/ST/STM32CubeIDE_1.14.1/STM32CubeIDE/plugins/com.st.stm32cube.ide.mcu.externaltools.gnu-tools-for-stm32.11.3.rel1.win32_1.1.100.202309141235/tools/bin/../lib/gcc/arm-none-eabi/11.3.1/../../../../arm-none-eabi/lib/thumb/v6-m/nofp\libc_nano.a(libc_a-errno.o)
 .ARM.attributes
                0x00000000000004b8       0x2c C:/ST/STM32CubeIDE_1.14.1/STM32CubeIDE/plugins/com.st.stm32cube.ide.mcu.externaltools.gnu-tools-for-stm32.11.3.rel1.win32_1.1.100.202309141235/tools/bin/../lib/gcc/arm-none-eabi/11.3.1/../../../../arm-none-eabi/lib/thumb/v6-m/nofp\libc_nano.a(libc_a-init.o)
 .ARM.attributes
                0x00000000000004e4       0x2c C:/ST/STM32CubeIDE_1.14.1/STM32CubeIDE/plugins/com.st.stm32cube.ide.mcu.externaltools.gnu-tools-for-stm32.11.3.rel1.win32_1.1.100.202309141235/tools/bin/../lib/gcc/arm-none-eabi/11.3.1/../../../../arm-none-eabi/lib/thumb/v6-m/nofp\libc_nano.a(libc_a-lock.o)
 .ARM.attributes
                0x0000000000000510       0x1c C:/ST/STM32CubeIDE_1.14.1/STM32CubeIDE/plugins/com.st.stm32cube.ide.mcu.externaltools.gnu-tools-for-stm32.11.3.rel1.win32_1.1.100.202309141235/tools/bin/../lib/gcc/arm-none-eabi/11.3.1/../../../../arm-none-eabi/lib/thumb/v6-m/nofp\libc_nano.a(libc_a-strlen.o)
 .ARM.attributes
                0x000000000000052c       0x2c C:/ST/STM32CubeIDE_1.14.1/STM32CubeIDE/plugins/com.st.stm32cube.ide.mcu.externaltools.gnu-tools-for-stm32.11.3.rel1.win32_1.1.100.202309141235/tools/bin/../lib/gcc/arm-none-eabi/11.3.1/../../../../arm-none-eabi/lib/thumb/v6-m/nofp\libc_nano.a(libc_a-freer.o)
 .ARM.attributes
                0x0000000000000558       0x2c C:/ST/STM32CubeIDE_1.14.1/STM32CubeIDE/plugins/com.st.stm32cube.ide.mcu.externaltools.gnu-tools-for-stm32.11.3.rel1.win32_1.1.100.202309141235/tools/bin/../lib/gcc/arm-none-eabi/11.3.1/../../../../arm-none-eabi/lib/thumb/v6-m/nofp\libc_nano.a(libc_a-mallocr.o)
 .ARM.attributes
                0x0000000000000584       0x2c C:/ST/STM32CubeIDE_1.14.1/STM32CubeIDE/plugins/com.st.stm32cube.ide.mcu.externaltools.gnu-tools-for-stm32.11.3.rel1.win32_1.1.100.202309141235/tools/bin/../lib/gcc/arm-none-eabi/11.3.1/../../../../arm-none-eabi/lib/thumb/v6-m/nofp\libc_nano.a(libc_a-mlock.o)
 .ARM.attributes
                0x00000000000005b0       0x2c C:/ST/STM32CubeIDE_1.14.1/STM32CubeIDE/plugins/com.st.stm32cube.ide.mcu.externaltools.gnu-tools-for-stm32.11.3.rel1.win32_1.1.100.202309141235/tools/bin/../lib/gcc/arm-none-eabi/11.3.1/../../../../arm-none-eabi/lib/thumb/v6-m/nofp\libc_nano.a(libc_a-nano-svfprintf.o)
 .ARM.attributes
                0x00000000000005dc       0x2c C:/ST/STM32CubeIDE_1.14.1/STM32CubeIDE/plugins/com.st.stm32cube.ide.mcu.externaltools.gnu-tools-for-stm32.11.3.rel1.win32_1.1.100.202309141235/tools/bin/../lib/gcc/arm-none-eabi/11.3.1/../../../../arm-none-eabi/lib/thumb/v6-m/nofp\libc_nano.a(libc_a-nano-vfprintf_i.o)
 .ARM.attributes
                0x0000000000000608       0x2c C:/ST/STM32CubeIDE_1.14.1/STM32CubeIDE/plugins/com.st.stm32cube.ide.mcu.externaltools.gnu-tools-for-stm32.11.3.rel1.win32_1.1.100.202309141235/tools/bin/../lib/gcc/arm-none-eabi/11.3.1/../../../../arm-none-eabi/lib/thumb/v6-m/nofp\libc_nano.a(libc_a-memmove.o)
 .ARM.attributes
                0x0000000000000634       0x2c C:/ST/STM32CubeIDE_1.14.1/STM32CubeIDE/plugins/com.st.stm32cube.ide.mcu.externaltools.gnu-tools-for-stm32.11.3.rel1.win32_1.1.100.202309141235/tools/bin/../lib/gcc/arm-none-eabi/11.3.1/../../../../arm-none-eabi/lib/thumb/v6-m/nofp\libc_nano.a(libc_a-sbrkr.o)
 .ARM.attributes
                0x0000000000000660       0x2c C:/ST/STM32CubeIDE_1.14.1/STM32CubeIDE/plugins/com.st.stm32cube.ide.mcu.externaltools.gnu-tools-for-stm32.11.3.rel1.win32_1.1.100.202309141235/tools/bin/../lib/gcc/arm-none-eabi/11.3.1/../../../../arm-none-eabi/lib/thumb/v6-m/nofp\libc_nano.a(libc_a-memchr-stub.o)
 .ARM.attributes
                0x000000000000068c       0x2c C:/ST/STM32CubeIDE_1.14.1/STM32CubeIDE/plugins/com.st.stm32cube.ide.mcu.externaltools.gnu-tools-for-stm32.11.3.rel1.win32_1.1.100.202309141235/tools/bin/../lib/gcc/arm-none-eabi/11.3.1/../../../../arm-none-eabi/lib/thumb/v6-m/nofp\libc_nano.a(libc_a-memcpy-stub.o)
 .ARM.attributes
                0x00000000000006b8       0x2c C:/ST/STM32CubeIDE_1.14.1/STM32CubeIDE/plugins/com.st.stm32cube.ide.mcu.externaltools.gnu-tools-for-stm32.11.3.rel1.win32_1.1.100.202309141235/tools/bin/../lib/gcc/arm-none-eabi/11.3.1/../../../../arm-none-eabi/lib/thumb/v6-m/nofp\libc_nano.a(libc_a-reallocr.o)
 .ARM.attributes
                0x00000000000006e4       0x2c C:/ST/STM32CubeIDE_1.14.1/STM32CubeIDE/plugins/com.st.stm32cube.ide.mcu.externaltools.gnu-tools-for-stm32.11.3.rel1.win32_1.1.100.202309141235/tools/bin/../lib/gcc/arm-none-eabi/11.3.1/../../../../arm-none-eabi/lib/thumb/v6-m/nofp\libc_nano.a(libc_a-msizer.o)
 .ARM.attributes
                0x0000000000000710       0x1e C:/ST/STM32CubeIDE_1.14.1/STM32CubeIDE/plugins/com.st.stm32cube.ide.mcu.externaltools.gnu-tools-for-stm32.11.3.rel1.win32_1.1.100.202309141235/tools/bin/../lib/gcc/arm-none-eabi/11.3.1/thumb/v6-m/nofp\libgcc.a(_thumb1_case_shi.o)
 .ARM.attributes
                0x000000000000072e       0x1e C:/ST/STM32CubeIDE_1.14.1/STM32CubeIDE/plugins/com.st.stm32cube.ide.mcu.externaltools.gnu-tools-for-stm32.11.3.rel1.win32_1.1.100.202309141235/tools/bin/../lib/gcc/arm-none-eabi/11.3.1/thumb/v6-m/nofp\libgcc.a(_udivsi3.o)
 .ARM.attributes
                0x000000000000074c       0x1e C:/ST/STM32CubeIDE_1.14.1/STM32CubeIDE/plugins/com.st.stm32cube.ide.mcu.externaltools.gnu-tools-for-stm32.11.3.rel1.win32_1.1.100.202309141235/tools/bin/../lib/gcc/arm-none-eabi/11.3.1/thumb/v6-m/nofp\libgcc.a(_divsi3.o)
 .ARM.attributes
                0x000000000000076a       0x1e C:/ST/STM32CubeIDE_1.14.1/STM32CubeIDE/plugins/com.st.stm32cube.ide.mcu.externaltools.gnu-tools-for-stm32.11.3.rel1.win32_1.1.100.202309141235/tools/bin/../lib/gcc/arm-none-eabi/11.3.1/thumb/v6-m/nofp\libgcc.a(_dvmd_tls.o)
 .ARM.attributes
                0x0000000000000788       0x1e C:/ST/STM32CubeIDE_1.14.1/STM32CubeIDE/plugins/com.st.stm32cube.ide.mcu.externaltools.gnu-tools-for-stm32.11.3.rel1.win32_1.1.100.202309141235/tools/bin/../lib/gcc/arm-none-eabi/11.3.1/thumb/v6-m/nofp\libgcc.a(_aeabi_uldivmod.o)
 .ARM.attributes
                0x00000000000007a6       0x2c C:/ST/STM32CubeIDE_1.14.1/STM32CubeIDE/plugins/com.st.stm32cube.ide.mcu.externaltools.gnu-tools-for-stm32.11.3.rel1.win32_1.1.100.202309141235/tools/bin/../lib/gcc/arm-none-eabi/11.3.1/thumb/v6-m/nofp\libgcc.a(_udivmoddi4.o)
 .ARM.attributes
                0x00000000000007d2       0x2c C:/ST/STM32CubeIDE_1.14.1/STM32CubeIDE/plugins/com.st.stm32cube.ide.mcu.externaltools.gnu-tools-for-stm32.11.3.rel1.win32_1.1.100.202309141235/tools/bin/../lib/gcc/arm-none-eabi/11.3.1/thumb/v6-m/nofp\libgcc.a(adddf3.o)
 .ARM.attributes
                0x00000000000007fe       0x2c C:/ST/STM32CubeIDE_1.14.1/STM32CubeIDE/plugins/com.st.stm32cube.ide.mcu.externaltools.gnu-tools-for-stm32.11.3.rel1.win32_1.1.100.202309141235/tools/bin/../lib/gcc/arm-none-eabi/11.3.1/thumb/v6-m/nofp\libgcc.a(muldf3.o)
 .ARM.attributes
                0x000000000000082a       0x2c C:/ST/STM32CubeIDE_1.14.1/STM32CubeIDE/plugins/com.st.stm32cube.ide.mcu.externaltools.gnu-tools-for-stm32.11.3.rel1.win32_1.1.100.202309141235/tools/bin/../lib/gcc/arm-none-eabi/11.3.1/thumb/v6-m/nofp\libgcc.a(fixdfsi.o)
 .ARM.attributes
                0x0000000000000856       0x2c C:/ST/STM32CubeIDE_1.14.1/STM32CubeIDE/plugins/com.st.stm32cube.ide.mcu.externaltools.gnu-tools-for-stm32.11.3.rel1.win32_1.1.100.202309141235/tools/bin/../lib/gcc/arm-none-eabi/11.3.1/thumb/v6-m/nofp\libgcc.a(floatsidf.o)
 .ARM.attributes
                0x0000000000000882       0x2c C:/ST/STM32CubeIDE_1.14.1/STM32CubeIDE/plugins/com.st.stm32cube.ide.mcu.externaltools.gnu-tools-for-stm32.11.3.rel1.win32_1.1.100.202309141235/tools/bin/../lib/gcc/arm-none-eabi/11.3.1/thumb/v6-m/nofp\libgcc.a(floatunsidf.o)
 .ARM.attributes
                0x00000000000008ae       0x1e C:/ST/STM32CubeIDE_1.14.1/STM32CubeIDE/plugins/com.st.stm32cube.ide.mcu.externaltools.gnu-tools-for-stm32.11.3.rel1.win32_1.1.100.202309141235/tools/bin/../lib/gcc/arm-none-eabi/11.3.1/thumb/v6-m/nofp\libgcc.a(_clzsi2.o)
 .ARM.attributes
                0x00000000000008cc       0x1e C:/ST/STM32CubeIDE_1.14.1/STM32CubeIDE/plugins/com.st.stm32cube.ide.mcu.externaltools.gnu-tools-for-stm32.11.3.rel1.win32_1.1.100.202309141235/tools/bin/../lib/gcc/arm-none-eabi/11.3.1/thumb/v6-m/nofp\libgcc.a(_clzdi2.o)
 .ARM.attributes
                0x00000000000008ea       0x1e C:/ST/STM32CubeIDE_1.14.1/STM32CubeIDE/plugins/com.st.stm32cube.ide.mcu.externaltools.gnu-tools-for-stm32.11.3.rel1.win32_1.1.100.202309141235/tools/bin/../lib/gcc/arm-none-eabi/11.3.1/thumb/v6-m/nofp/crtn.o
OUTPUT(dash-display-1602a.elf elf32-littlearm)
LOAD linker stubs
LOAD C:/ST/STM32CubeIDE_1.14.1/STM32CubeIDE/plugins/com.st.stm32cube.ide.mcu.externaltools.gnu-tools-for-stm32.11.3.rel1.win32_1.1.100.202309141235/tools/bin/../lib/gcc/arm-none-eabi/11.3.1/../../../../arm-none-eabi/lib/thumb/v6-m/nofp\libc.a
LOAD C:/ST/STM32CubeIDE_1.14.1/STM32CubeIDE/plugins/com.st.stm32cube.ide.mcu.externaltools.gnu-tools-for-stm32.11.3.rel1.win32_1.1.100.202309141235/tools/bin/../lib/gcc/arm-none-eabi/11.3.1/../../../../arm-none-eabi/lib/thumb/v6-m/nofp\libm.a
LOAD C:/ST/STM32CubeIDE_1.14.1/STM32CubeIDE/plugins/com.st.stm32cube.ide.mcu.externaltools.gnu-tools-for-stm32.11.3.rel1.win32_1.1.100.202309141235/tools/bin/../lib/gcc/arm-none-eabi/11.3.1/thumb/v6-m/nofp\libgcc.a

.comment        0x0000000000000000       0x43
 .comment       0x0000000000000000       0x43 C:/ST/STM32CubeIDE_1.14.1/STM32CubeIDE/plugins/com.st.stm32cube.ide.mcu.externaltools.gnu-tools-for-stm32.11.3.rel1.win32_1.1.100.202309141235/tools/bin/../lib/gcc/arm-none-eabi/11.3.1/thumb/v6-m/nofp/crtbegin.o
                                         0x44 (size before relaxing)
 .comment       0x0000000000000043       0x44 ./Core/Src/i2c-lcd.o
 .comment       0x0000000000000043       0x44 ./Core/Src/i2cScanner.o
 .comment       0x0000000000000043       0x44 ./Core/Src/main.o
 .comment       0x0000000000000043       0x44 ./Core/Src/spl06-007.o
 .comment       0x0000000000000043       0x44 ./Core/Src/ssd1306.o
 .comment       0x0000000000000043       0x44 ./Core/Src/stm32g0xx_hal_msp.o
 .comment       0x0000000000000043       0x44 ./Core/Src/stm32g0xx_it.o
 .comment       0x0000000000000043       0x44 ./Core/Src/sysmem.o
 .comment       0x0000000000000043       0x44 ./Core/Src/system_stm32g0xx.o
 .comment       0x0000000000000043       0x44 ./Drivers/STM32G0xx_HAL_Driver/Src/stm32g0xx_hal.o
 .comment       0x0000000000000043       0x44 ./Drivers/STM32G0xx_HAL_Driver/Src/stm32g0xx_hal_cortex.o
 .comment       0x0000000000000043       0x44 ./Drivers/STM32G0xx_HAL_Driver/Src/stm32g0xx_hal_gpio.o
 .comment       0x0000000000000043       0x44 ./Drivers/STM32G0xx_HAL_Driver/Src/stm32g0xx_hal_i2c.o
 .comment       0x0000000000000043       0x44 ./Drivers/STM32G0xx_HAL_Driver/Src/stm32g0xx_hal_i2c_ex.o
 .comment       0x0000000000000043       0x44 ./Drivers/STM32G0xx_HAL_Driver/Src/stm32g0xx_hal_pwr_ex.o
 .comment       0x0000000000000043       0x44 ./Drivers/STM32G0xx_HAL_Driver/Src/stm32g0xx_hal_rcc.o
 .comment       0x0000000000000043       0x44 ./Drivers/STM32G0xx_HAL_Driver/Src/stm32g0xx_hal_rcc_ex.o
 .comment       0x0000000000000043       0x44 ./Drivers/STM32G0xx_HAL_Driver/Src/stm32g0xx_hal_uart.o
 .comment       0x0000000000000043       0x44 ./Drivers/STM32G0xx_HAL_Driver/Src/stm32g0xx_hal_uart_ex.o

.debug_info     0x0000000000000000    0x11294
 .debug_info    0x0000000000000000      0x87a ./Core/Src/i2c-lcd.o
 .debug_info    0x000000000000087a      0xbaf ./Core/Src/i2cScanner.o
 .debug_info    0x0000000000001429     0x1554 ./Core/Src/main.o
 .debug_info    0x000000000000297d      0xb67 ./Core/Src/spl06-007.o
 .debug_info    0x00000000000034e4     0x116f ./Core/Src/ssd1306.o
 .debug_info    0x0000000000004653      0xf95 ./Core/Src/stm32g0xx_hal_msp.o
 .debug_info    0x00000000000055e8      0x117 ./Core/Src/stm32g0xx_it.o
 .debug_info    0x00000000000056ff      0x168 ./Core/Src/sysmem.o
 .debug_info    0x0000000000005867      0x316 ./Core/Src/system_stm32g0xx.o
 .debug_info    0x0000000000005b7d       0x23 ./Core/Startup/startup_stm32g071rbtx.o
 .debug_info    0x0000000000005ba0      0xa34 ./Drivers/STM32G0xx_HAL_Driver/Src/stm32g0xx_hal.o
 .debug_info    0x00000000000065d4      0x8d9 ./Drivers/STM32G0xx_HAL_Driver/Src/stm32g0xx_hal_cortex.o
 .debug_info    0x0000000000006ead      0x5b9 ./Drivers/STM32G0xx_HAL_Driver/Src/stm32g0xx_hal_gpio.o
 .debug_info    0x0000000000007466     0x21c8 ./Drivers/STM32G0xx_HAL_Driver/Src/stm32g0xx_hal_i2c.o
 .debug_info    0x000000000000962e      0xa09 ./Drivers/STM32G0xx_HAL_Driver/Src/stm32g0xx_hal_i2c_ex.o
 .debug_info    0x000000000000a037      0x7c1 ./Drivers/STM32G0xx_HAL_Driver/Src/stm32g0xx_hal_pwr_ex.o
 .debug_info    0x000000000000a7f8      0xb1b ./Drivers/STM32G0xx_HAL_Driver/Src/stm32g0xx_hal_rcc.o
 .debug_info    0x000000000000b313      0x77f ./Drivers/STM32G0xx_HAL_Driver/Src/stm32g0xx_hal_rcc_ex.o
 .debug_info    0x000000000000ba92     0x4859 ./Drivers/STM32G0xx_HAL_Driver/Src/stm32g0xx_hal_uart.o
 .debug_info    0x00000000000102eb      0xfa9 ./Drivers/STM32G0xx_HAL_Driver/Src/stm32g0xx_hal_uart_ex.o

.debug_abbrev   0x0000000000000000     0x2925
 .debug_abbrev  0x0000000000000000      0x20b ./Core/Src/i2c-lcd.o
 .debug_abbrev  0x000000000000020b      0x1cc ./Core/Src/i2cScanner.o
 .debug_abbrev  0x00000000000003d7      0x327 ./Core/Src/main.o
 .debug_abbrev  0x00000000000006fe      0x1e7 ./Core/Src/spl06-007.o
 .debug_abbrev  0x00000000000008e5      0x326 ./Core/Src/ssd1306.o
 .debug_abbrev  0x0000000000000c0b      0x1da ./Core/Src/stm32g0xx_hal_msp.o
 .debug_abbrev  0x0000000000000de5       0xac ./Core/Src/stm32g0xx_it.o
 .debug_abbrev  0x0000000000000e91       0xbc ./Core/Src/sysmem.o
 .debug_abbrev  0x0000000000000f4d      0x119 ./Core/Src/system_stm32g0xx.o
 .debug_abbrev  0x0000000000001066       0x12 ./Core/Startup/startup_stm32g071rbtx.o
 .debug_abbrev  0x0000000000001078      0x2b2 ./Drivers/STM32G0xx_HAL_Driver/Src/stm32g0xx_hal.o
 .debug_abbrev  0x000000000000132a      0x2ab ./Drivers/STM32G0xx_HAL_Driver/Src/stm32g0xx_hal_cortex.o
 .debug_abbrev  0x00000000000015d5      0x1c8 ./Drivers/STM32G0xx_HAL_Driver/Src/stm32g0xx_hal_gpio.o
 .debug_abbrev  0x000000000000179d      0x291 ./Drivers/STM32G0xx_HAL_Driver/Src/stm32g0xx_hal_i2c.o
 .debug_abbrev  0x0000000000001a2e      0x1e6 ./Drivers/STM32G0xx_HAL_Driver/Src/stm32g0xx_hal_i2c_ex.o
 .debug_abbrev  0x0000000000001c14      0x238 ./Drivers/STM32G0xx_HAL_Driver/Src/stm32g0xx_hal_pwr_ex.o
 .debug_abbrev  0x0000000000001e4c      0x2aa ./Drivers/STM32G0xx_HAL_Driver/Src/stm32g0xx_hal_rcc.o
 .debug_abbrev  0x00000000000020f6      0x229 ./Drivers/STM32G0xx_HAL_Driver/Src/stm32g0xx_hal_rcc_ex.o
 .debug_abbrev  0x000000000000231f      0x322 ./Drivers/STM32G0xx_HAL_Driver/Src/stm32g0xx_hal_uart.o
 .debug_abbrev  0x0000000000002641      0x2e4 ./Drivers/STM32G0xx_HAL_Driver/Src/stm32g0xx_hal_uart_ex.o

.debug_aranges  0x0000000000000000      0xd18
 .debug_aranges
                0x0000000000000000       0x48 ./Core/Src/i2c-lcd.o
 .debug_aranges
                0x0000000000000048       0x20 ./Core/Src/i2cScanner.o
 .debug_aranges
                0x0000000000000068       0x48 ./Core/Src/main.o
 .debug_aranges
                0x00000000000000b0       0x70 ./Core/Src/spl06-007.o
 .debug_aranges
                0x0000000000000120       0xf8 ./Core/Src/ssd1306.o
 .debug_aranges
                0x0000000000000218       0x40 ./Core/Src/stm32g0xx_hal_msp.o
 .debug_aranges
                0x0000000000000258       0x40 ./Core/Src/stm32g0xx_it.o
 .debug_aranges
                0x0000000000000298       0x20 ./Core/Src/sysmem.o
 .debug_aranges
                0x00000000000002b8       0x28 ./Core/Src/system_stm32g0xx.o
 .debug_aranges
                0x00000000000002e0       0x28 ./Core/Startup/startup_stm32g071rbtx.o
 .debug_aranges
                0x0000000000000308      0x120 ./Drivers/STM32G0xx_HAL_Driver/Src/stm32g0xx_hal.o
 .debug_aranges
                0x0000000000000428       0xe8 ./Drivers/STM32G0xx_HAL_Driver/Src/stm32g0xx_hal_cortex.o
 .debug_aranges
                0x0000000000000510       0x60 ./Drivers/STM32G0xx_HAL_Driver/Src/stm32g0xx_hal_gpio.o
 .debug_aranges
                0x0000000000000570      0x2a0 ./Drivers/STM32G0xx_HAL_Driver/Src/stm32g0xx_hal_i2c.o
 .debug_aranges
                0x0000000000000810       0x48 ./Drivers/STM32G0xx_HAL_Driver/Src/stm32g0xx_hal_i2c_ex.o
 .debug_aranges
                0x0000000000000858       0xf0 ./Drivers/STM32G0xx_HAL_Driver/Src/stm32g0xx_hal_pwr_ex.o
 .debug_aranges
                0x0000000000000948       0xa0 ./Drivers/STM32G0xx_HAL_Driver/Src/stm32g0xx_hal_rcc.o
 .debug_aranges
                0x00000000000009e8       0x40 ./Drivers/STM32G0xx_HAL_Driver/Src/stm32g0xx_hal_rcc_ex.o
 .debug_aranges
                0x0000000000000a28      0x248 ./Drivers/STM32G0xx_HAL_Driver/Src/stm32g0xx_hal_uart.o
 .debug_aranges
                0x0000000000000c70       0xa8 ./Drivers/STM32G0xx_HAL_Driver/Src/stm32g0xx_hal_uart_ex.o

.debug_rnglists
                0x0000000000000000      0xa28
 .debug_rnglists
                0x0000000000000000       0x31 ./Core/Src/i2c-lcd.o
 .debug_rnglists
                0x0000000000000031       0x14 ./Core/Src/i2cScanner.o
 .debug_rnglists
                0x0000000000000045       0x36 ./Core/Src/main.o
 .debug_rnglists
                0x000000000000007b       0x52 ./Core/Src/spl06-007.o
 .debug_rnglists
                0x00000000000000cd       0xc3 ./Core/Src/ssd1306.o
 .debug_rnglists
                0x0000000000000190       0x2d ./Core/Src/stm32g0xx_hal_msp.o
 .debug_rnglists
                0x00000000000001bd       0x2b ./Core/Src/stm32g0xx_it.o
 .debug_rnglists
                0x00000000000001e8       0x13 ./Core/Src/sysmem.o
 .debug_rnglists
                0x00000000000001fb       0x1a ./Core/Src/system_stm32g0xx.o
 .debug_rnglists
                0x0000000000000215       0x19 ./Core/Startup/startup_stm32g071rbtx.o
 .debug_rnglists
                0x000000000000022e       0xd4 ./Drivers/STM32G0xx_HAL_Driver/Src/stm32g0xx_hal.o
 .debug_rnglists
                0x0000000000000302       0xaa ./Drivers/STM32G0xx_HAL_Driver/Src/stm32g0xx_hal_cortex.o
 .debug_rnglists
                0x00000000000003ac       0x45 ./Drivers/STM32G0xx_HAL_Driver/Src/stm32g0xx_hal_gpio.o
 .debug_rnglists
                0x00000000000003f1      0x229 ./Drivers/STM32G0xx_HAL_Driver/Src/stm32g0xx_hal_i2c.o
 .debug_rnglists
                0x000000000000061a       0x35 ./Drivers/STM32G0xx_HAL_Driver/Src/stm32g0xx_hal_i2c_ex.o
 .debug_rnglists
                0x000000000000064f       0xb5 ./Drivers/STM32G0xx_HAL_Driver/Src/stm32g0xx_hal_pwr_ex.o
 .debug_rnglists
                0x0000000000000704       0x79 ./Drivers/STM32G0xx_HAL_Driver/Src/stm32g0xx_hal_rcc.o
 .debug_rnglists
                0x000000000000077d       0x30 ./Drivers/STM32G0xx_HAL_Driver/Src/stm32g0xx_hal_rcc_ex.o
 .debug_rnglists
                0x00000000000007ad      0x1fb ./Drivers/STM32G0xx_HAL_Driver/Src/stm32g0xx_hal_uart.o
 .debug_rnglists
                0x00000000000009a8       0x80 ./Drivers/STM32G0xx_HAL_Driver/Src/stm32g0xx_hal_uart_ex.o

.debug_macro    0x0000000000000000     0x2e3d
 .debug_macro   0x0000000000000000      0x1ee ./Core/Src/i2c-lcd.o
 .debug_macro   0x00000000000001ee      0x1ee ./Core/Src/i2cScanner.o
 .debug_macro   0x00000000000003dc      0x375 ./Core/Src/main.o
 .debug_macro   0x0000000000000751       0x4c ./Core/Src/main.o
 .debug_macro   0x000000000000079d       0xd6 ./Core/Src/main.o
 .debug_macro   0x0000000000000873       0x16 ./Core/Src/main.o
 .debug_macro   0x0000000000000889       0x16 ./Core/Src/main.o
 .debug_macro   0x000000000000089f       0x29 ./Core/Src/main.o
 .debug_macro   0x00000000000008c8       0x1d ./Core/Src/main.o
 .debug_macro   0x00000000000008e5       0x1c ./Core/Src/main.o
 .debug_macro   0x0000000000000901       0x10 ./Core/Src/main.o
 .debug_macro   0x0000000000000911       0x1c ./Core/Src/main.o
 .debug_macro   0x000000000000092d       0x16 ./Core/Src/main.o
 .debug_macro   0x0000000000000943      0x147 ./Core/Src/main.o
 .debug_macro   0x0000000000000a8a      0x1f3 ./Core/Src/spl06-007.o
 .debug_macro   0x0000000000000c7d       0xd0 ./Core/Src/spl06-007.o
 .debug_macro   0x0000000000000d4d      0x347 ./Core/Src/ssd1306.o
 .debug_macro   0x0000000000001094      0x1f3 ./Core/Src/stm32g0xx_hal_msp.o
 .debug_macro   0x0000000000001287      0x1fd ./Core/Src/stm32g0xx_it.o
 .debug_macro   0x0000000000001484       0xff ./Core/Src/sysmem.o
 .debug_macro   0x0000000000001583      0x23c ./Core/Src/sysmem.o
 .debug_macro   0x00000000000017bf      0x1e4 ./Core/Src/system_stm32g0xx.o
 .debug_macro   0x00000000000019a3      0x208 ./Drivers/STM32G0xx_HAL_Driver/Src/stm32g0xx_hal.o
 .debug_macro   0x0000000000001bab      0x1e4 ./Drivers/STM32G0xx_HAL_Driver/Src/stm32g0xx_hal_cortex.o
 .debug_macro   0x0000000000001d8f      0x1eb ./Drivers/STM32G0xx_HAL_Driver/Src/stm32g0xx_hal_gpio.o
 .debug_macro   0x0000000000001f7a      0x2b0 ./Drivers/STM32G0xx_HAL_Driver/Src/stm32g0xx_hal_i2c.o
 .debug_macro   0x000000000000222a      0x1e4 ./Drivers/STM32G0xx_HAL_Driver/Src/stm32g0xx_hal_i2c_ex.o
 .debug_macro   0x000000000000240e      0x20e ./Drivers/STM32G0xx_HAL_Driver/Src/stm32g0xx_hal_pwr_ex.o
 .debug_macro   0x000000000000261c      0x226 ./Drivers/STM32G0xx_HAL_Driver/Src/stm32g0xx_hal_rcc.o
 .debug_macro   0x0000000000002842      0x1fc ./Drivers/STM32G0xx_HAL_Driver/Src/stm32g0xx_hal_rcc_ex.o
 .debug_macro   0x0000000000002a3e      0x20f ./Drivers/STM32G0xx_HAL_Driver/Src/stm32g0xx_hal_uart.o
 .debug_macro   0x0000000000002c4d      0x1f0 ./Drivers/STM32G0xx_HAL_Driver/Src/stm32g0xx_hal_uart_ex.o

.debug_line     0x0000000000000000    0x1274c
 .debug_line    0x0000000000000000      0x86a ./Core/Src/i2c-lcd.o
 .debug_line    0x000000000000086a      0x7cb ./Core/Src/i2cScanner.o
 .debug_line    0x0000000000001035      0xc56 ./Core/Src/main.o
 .debug_line    0x0000000000001c8b      0x935 ./Core/Src/spl06-007.o
 .debug_line    0x00000000000025c0     0x10cc ./Core/Src/ssd1306.o
 .debug_line    0x000000000000368c      0x854 ./Core/Src/stm32g0xx_hal_msp.o
 .debug_line    0x0000000000003ee0      0x7f6 ./Core/Src/stm32g0xx_it.o
 .debug_line    0x00000000000046d6      0x583 ./Core/Src/sysmem.o
 .debug_line    0x0000000000004c59      0x804 ./Core/Src/system_stm32g0xx.o
 .debug_line    0x000000000000545d       0x7b ./Core/Startup/startup_stm32g071rbtx.o
 .debug_line    0x00000000000054d8      0xb3a ./Drivers/STM32G0xx_HAL_Driver/Src/stm32g0xx_hal.o
 .debug_line    0x0000000000006012      0xbe9 ./Drivers/STM32G0xx_HAL_Driver/Src/stm32g0xx_hal_cortex.o
 .debug_line    0x0000000000006bfb      0xba7 ./Drivers/STM32G0xx_HAL_Driver/Src/stm32g0xx_hal_gpio.o
 .debug_line    0x00000000000077a2     0x39d6 ./Drivers/STM32G0xx_HAL_Driver/Src/stm32g0xx_hal_i2c.o
 .debug_line    0x000000000000b178      0x9af ./Drivers/STM32G0xx_HAL_Driver/Src/stm32g0xx_hal_i2c_ex.o
 .debug_line    0x000000000000bb27      0xb17 ./Drivers/STM32G0xx_HAL_Driver/Src/stm32g0xx_hal_pwr_ex.o
 .debug_line    0x000000000000c63e      0xf7b ./Drivers/STM32G0xx_HAL_Driver/Src/stm32g0xx_hal_rcc.o
 .debug_line    0x000000000000d5b9      0xd76 ./Drivers/STM32G0xx_HAL_Driver/Src/stm32g0xx_hal_rcc_ex.o
 .debug_line    0x000000000000e32f     0x35dc ./Drivers/STM32G0xx_HAL_Driver/Src/stm32g0xx_hal_uart.o
 .debug_line    0x000000000001190b      0xe41 ./Drivers/STM32G0xx_HAL_Driver/Src/stm32g0xx_hal_uart_ex.o

.debug_str      0x0000000000000000    0x9a463
 .debug_str     0x0000000000000000    0x92119 ./Core/Src/i2c-lcd.o
                                      0x926db (size before relaxing)
 .debug_str     0x0000000000092119      0x2b4 ./Core/Src/i2cScanner.o
                                      0x92910 (size before relaxing)
 .debug_str     0x00000000000923cd     0x4311 ./Core/Src/main.o
                                      0x96c82 (size before relaxing)
 .debug_str     0x00000000000966de      0x159 ./Core/Src/spl06-007.o
                                      0x92bd5 (size before relaxing)
 .debug_str     0x0000000000096837      0x482 ./Core/Src/ssd1306.o
                                      0x95e5c (size before relaxing)
 .debug_str     0x0000000000096cb9      0x1f1 ./Core/Src/stm32g0xx_hal_msp.o
                                      0x92cd2 (size before relaxing)
 .debug_str     0x0000000000096eaa       0x82 ./Core/Src/stm32g0xx_it.o
                                      0x9221d (size before relaxing)
 .debug_str     0x0000000000096f2c      0x4dc ./Core/Src/sysmem.o
                                       0x5f68 (size before relaxing)
 .debug_str     0x0000000000097408       0x8e ./Core/Src/system_stm32g0xx.o
                                      0x921e0 (size before relaxing)
 .debug_str     0x0000000000097496       0x34 ./Core/Startup/startup_stm32g071rbtx.o
                                         0x7e (size before relaxing)
 .debug_str     0x00000000000974ca      0x735 ./Drivers/STM32G0xx_HAL_Driver/Src/stm32g0xx_hal.o
                                      0x929dd (size before relaxing)
 .debug_str     0x0000000000097bff      0x2c8 ./Drivers/STM32G0xx_HAL_Driver/Src/stm32g0xx_hal_cortex.o
                                      0x926a7 (size before relaxing)
 .debug_str     0x0000000000097ec7      0x151 ./Drivers/STM32G0xx_HAL_Driver/Src/stm32g0xx_hal_gpio.o
                                      0x92329 (size before relaxing)
 .debug_str     0x0000000000098018      0xdab ./Drivers/STM32G0xx_HAL_Driver/Src/stm32g0xx_hal_i2c.o
                                      0x935a3 (size before relaxing)
 .debug_str     0x0000000000098dc3       0xb8 ./Drivers/STM32G0xx_HAL_Driver/Src/stm32g0xx_hal_i2c_ex.o
                                      0x9281f (size before relaxing)
 .debug_str     0x0000000000098e7b      0x38b ./Drivers/STM32G0xx_HAL_Driver/Src/stm32g0xx_hal_pwr_ex.o
                                      0x9266d (size before relaxing)
 .debug_str     0x0000000000099206      0x49c ./Drivers/STM32G0xx_HAL_Driver/Src/stm32g0xx_hal_rcc.o
                                      0x92936 (size before relaxing)
 .debug_str     0x00000000000996a2      0x185 ./Drivers/STM32G0xx_HAL_Driver/Src/stm32g0xx_hal_rcc_ex.o
                                      0x925aa (size before relaxing)
 .debug_str     0x0000000000099827      0x9c8 ./Drivers/STM32G0xx_HAL_Driver/Src/stm32g0xx_hal_uart.o
                                      0x931ab (size before relaxing)
 .debug_str     0x000000000009a1ef      0x274 ./Drivers/STM32G0xx_HAL_Driver/Src/stm32g0xx_hal_uart_ex.o
                                      0x92a6a (size before relaxing)

.debug_frame    0x0000000000000000     0x33fc
 .debug_frame   0x0000000000000000       0xcc ./Core/Src/i2c-lcd.o
 .debug_frame   0x00000000000000cc       0x30 ./Core/Src/i2cScanner.o
 .debug_frame   0x00000000000000fc       0xc8 ./Core/Src/main.o
 .debug_frame   0x00000000000001c4      0x184 ./Core/Src/spl06-007.o
 .debug_frame   0x0000000000000348      0x3a0 ./Core/Src/ssd1306.o
 .debug_frame   0x00000000000006e8       0xb0 ./Core/Src/stm32g0xx_hal_msp.o
 .debug_frame   0x0000000000000798       0x9c ./Core/Src/stm32g0xx_it.o
 .debug_frame   0x0000000000000834       0x30 ./Core/Src/sysmem.o
 .debug_frame   0x0000000000000864       0x4c ./Core/Src/system_stm32g0xx.o
 .debug_frame   0x00000000000008b0      0x3dc ./Drivers/STM32G0xx_HAL_Driver/Src/stm32g0xx_hal.o
 .debug_frame   0x0000000000000c8c      0x33c ./Drivers/STM32G0xx_HAL_Driver/Src/stm32g0xx_hal_cortex.o
 .debug_frame   0x0000000000000fc8      0x130 ./Drivers/STM32G0xx_HAL_Driver/Src/stm32g0xx_hal_gpio.o
 .debug_frame   0x00000000000010f8      0xa68 ./Drivers/STM32G0xx_HAL_Driver/Src/stm32g0xx_hal_i2c.o
 .debug_frame   0x0000000000001b60       0xd0 ./Drivers/STM32G0xx_HAL_Driver/Src/stm32g0xx_hal_i2c_ex.o
 .debug_frame   0x0000000000001c30      0x32c ./Drivers/STM32G0xx_HAL_Driver/Src/stm32g0xx_hal_pwr_ex.o
 .debug_frame   0x0000000000001f5c      0x214 ./Drivers/STM32G0xx_HAL_Driver/Src/stm32g0xx_hal_rcc.o
 .debug_frame   0x0000000000002170       0xb0 ./Drivers/STM32G0xx_HAL_Driver/Src/stm32g0xx_hal_rcc_ex.o
 .debug_frame   0x0000000000002220      0x8d8 ./Drivers/STM32G0xx_HAL_Driver/Src/stm32g0xx_hal_uart.o
 .debug_frame   0x0000000000002af8      0x258 ./Drivers/STM32G0xx_HAL_Driver/Src/stm32g0xx_hal_uart_ex.o
 .debug_frame   0x0000000000002d50      0x138 C:/ST/STM32CubeIDE_1.14.1/STM32CubeIDE/plugins/com.st.stm32cube.ide.mcu.externaltools.gnu-tools-for-stm32.11.3.rel1.win32_1.1.100.202309141235/tools/bin/../lib/gcc/arm-none-eabi/11.3.1/../../../../arm-none-eabi/lib/thumb/v6-m/nofp\libc_nano.a(libc_a-findfp.o)
 .debug_frame   0x0000000000002e88       0x48 C:/ST/STM32CubeIDE_1.14.1/STM32CubeIDE/plugins/com.st.stm32cube.ide.mcu.externaltools.gnu-tools-for-stm32.11.3.rel1.win32_1.1.100.202309141235/tools/bin/../lib/gcc/arm-none-eabi/11.3.1/../../../../arm-none-eabi/lib/thumb/v6-m/nofp\libc_nano.a(libc_a-sprintf.o)
 .debug_frame   0x0000000000002ed0       0x20 C:/ST/STM32CubeIDE_1.14.1/STM32CubeIDE/plugins/com.st.stm32cube.ide.mcu.externaltools.gnu-tools-for-stm32.11.3.rel1.win32_1.1.100.202309141235/tools/bin/../lib/gcc/arm-none-eabi/11.3.1/../../../../arm-none-eabi/lib/thumb/v6-m/nofp\libc_nano.a(libc_a-memset.o)
 .debug_frame   0x0000000000002ef0       0x2c C:/ST/STM32CubeIDE_1.14.1/STM32CubeIDE/plugins/com.st.stm32cube.ide.mcu.externaltools.gnu-tools-for-stm32.11.3.rel1.win32_1.1.100.202309141235/tools/bin/../lib/gcc/arm-none-eabi/11.3.1/../../../../arm-none-eabi/lib/thumb/v6-m/nofp\libc_nano.a(libc_a-reent.o)
 .debug_frame   0x0000000000002f1c       0x20 C:/ST/STM32CubeIDE_1.14.1/STM32CubeIDE/plugins/com.st.stm32cube.ide.mcu.externaltools.gnu-tools-for-stm32.11.3.rel1.win32_1.1.100.202309141235/tools/bin/../lib/gcc/arm-none-eabi/11.3.1/../../../../arm-none-eabi/lib/thumb/v6-m/nofp\libc_nano.a(libc_a-errno.o)
 .debug_frame   0x0000000000002f3c       0x2c C:/ST/STM32CubeIDE_1.14.1/STM32CubeIDE/plugins/com.st.stm32cube.ide.mcu.externaltools.gnu-tools-for-stm32.11.3.rel1.win32_1.1.100.202309141235/tools/bin/../lib/gcc/arm-none-eabi/11.3.1/../../../../arm-none-eabi/lib/thumb/v6-m/nofp\libc_nano.a(libc_a-init.o)
 .debug_frame   0x0000000000002f68       0xb0 C:/ST/STM32CubeIDE_1.14.1/STM32CubeIDE/plugins/com.st.stm32cube.ide.mcu.externaltools.gnu-tools-for-stm32.11.3.rel1.win32_1.1.100.202309141235/tools/bin/../lib/gcc/arm-none-eabi/11.3.1/../../../../arm-none-eabi/lib/thumb/v6-m/nofp\libc_nano.a(libc_a-lock.o)
 .debug_frame   0x0000000000003018       0x2c C:/ST/STM32CubeIDE_1.14.1/STM32CubeIDE/plugins/com.st.stm32cube.ide.mcu.externaltools.gnu-tools-for-stm32.11.3.rel1.win32_1.1.100.202309141235/tools/bin/../lib/gcc/arm-none-eabi/11.3.1/../../../../arm-none-eabi/lib/thumb/v6-m/nofp\libc_nano.a(libc_a-freer.o)
 .debug_frame   0x0000000000003044       0x50 C:/ST/STM32CubeIDE_1.14.1/STM32CubeIDE/plugins/com.st.stm32cube.ide.mcu.externaltools.gnu-tools-for-stm32.11.3.rel1.win32_1.1.100.202309141235/tools/bin/../lib/gcc/arm-none-eabi/11.3.1/../../../../arm-none-eabi/lib/thumb/v6-m/nofp\libc_nano.a(libc_a-mallocr.o)
 .debug_frame   0x0000000000003094       0x40 C:/ST/STM32CubeIDE_1.14.1/STM32CubeIDE/plugins/com.st.stm32cube.ide.mcu.externaltools.gnu-tools-for-stm32.11.3.rel1.win32_1.1.100.202309141235/tools/bin/../lib/gcc/arm-none-eabi/11.3.1/../../../../arm-none-eabi/lib/thumb/v6-m/nofp\libc_nano.a(libc_a-mlock.o)
 .debug_frame   0x00000000000030d4       0x74 C:/ST/STM32CubeIDE_1.14.1/STM32CubeIDE/plugins/com.st.stm32cube.ide.mcu.externaltools.gnu-tools-for-stm32.11.3.rel1.win32_1.1.100.202309141235/tools/bin/../lib/gcc/arm-none-eabi/11.3.1/../../../../arm-none-eabi/lib/thumb/v6-m/nofp\libc_nano.a(libc_a-nano-svfprintf.o)
 .debug_frame   0x0000000000003148       0x54 C:/ST/STM32CubeIDE_1.14.1/STM32CubeIDE/plugins/com.st.stm32cube.ide.mcu.externaltools.gnu-tools-for-stm32.11.3.rel1.win32_1.1.100.202309141235/tools/bin/../lib/gcc/arm-none-eabi/11.3.1/../../../../arm-none-eabi/lib/thumb/v6-m/nofp\libc_nano.a(libc_a-nano-vfprintf_i.o)
 .debug_frame   0x000000000000319c       0x28 C:/ST/STM32CubeIDE_1.14.1/STM32CubeIDE/plugins/com.st.stm32cube.ide.mcu.externaltools.gnu-tools-for-stm32.11.3.rel1.win32_1.1.100.202309141235/tools/bin/../lib/gcc/arm-none-eabi/11.3.1/../../../../arm-none-eabi/lib/thumb/v6-m/nofp\libc_nano.a(libc_a-memmove.o)
 .debug_frame   0x00000000000031c4       0x2c C:/ST/STM32CubeIDE_1.14.1/STM32CubeIDE/plugins/com.st.stm32cube.ide.mcu.externaltools.gnu-tools-for-stm32.11.3.rel1.win32_1.1.100.202309141235/tools/bin/../lib/gcc/arm-none-eabi/11.3.1/../../../../arm-none-eabi/lib/thumb/v6-m/nofp\libc_nano.a(libc_a-sbrkr.o)
 .debug_frame   0x00000000000031f0       0x20 C:/ST/STM32CubeIDE_1.14.1/STM32CubeIDE/plugins/com.st.stm32cube.ide.mcu.externaltools.gnu-tools-for-stm32.11.3.rel1.win32_1.1.100.202309141235/tools/bin/../lib/gcc/arm-none-eabi/11.3.1/../../../../arm-none-eabi/lib/thumb/v6-m/nofp\libc_nano.a(libc_a-memchr-stub.o)
 .debug_frame   0x0000000000003210       0x28 C:/ST/STM32CubeIDE_1.14.1/STM32CubeIDE/plugins/com.st.stm32cube.ide.mcu.externaltools.gnu-tools-for-stm32.11.3.rel1.win32_1.1.100.202309141235/tools/bin/../lib/gcc/arm-none-eabi/11.3.1/../../../../arm-none-eabi/lib/thumb/v6-m/nofp\libc_nano.a(libc_a-memcpy-stub.o)
 .debug_frame   0x0000000000003238       0x34 C:/ST/STM32CubeIDE_1.14.1/STM32CubeIDE/plugins/com.st.stm32cube.ide.mcu.externaltools.gnu-tools-for-stm32.11.3.rel1.win32_1.1.100.202309141235/tools/bin/../lib/gcc/arm-none-eabi/11.3.1/../../../../arm-none-eabi/lib/thumb/v6-m/nofp\libc_nano.a(libc_a-reallocr.o)
 .debug_frame   0x000000000000326c       0x20 C:/ST/STM32CubeIDE_1.14.1/STM32CubeIDE/plugins/com.st.stm32cube.ide.mcu.externaltools.gnu-tools-for-stm32.11.3.rel1.win32_1.1.100.202309141235/tools/bin/../lib/gcc/arm-none-eabi/11.3.1/../../../../arm-none-eabi/lib/thumb/v6-m/nofp\libc_nano.a(libc_a-msizer.o)
 .debug_frame   0x000000000000328c       0x20 C:/ST/STM32CubeIDE_1.14.1/STM32CubeIDE/plugins/com.st.stm32cube.ide.mcu.externaltools.gnu-tools-for-stm32.11.3.rel1.win32_1.1.100.202309141235/tools/bin/../lib/gcc/arm-none-eabi/11.3.1/thumb/v6-m/nofp\libgcc.a(_udivsi3.o)
 .debug_frame   0x00000000000032ac       0x20 C:/ST/STM32CubeIDE_1.14.1/STM32CubeIDE/plugins/com.st.stm32cube.ide.mcu.externaltools.gnu-tools-for-stm32.11.3.rel1.win32_1.1.100.202309141235/tools/bin/../lib/gcc/arm-none-eabi/11.3.1/thumb/v6-m/nofp\libgcc.a(_divsi3.o)
 .debug_frame   0x00000000000032cc       0x3c C:/ST/STM32CubeIDE_1.14.1/STM32CubeIDE/plugins/com.st.stm32cube.ide.mcu.externaltools.gnu-tools-for-stm32.11.3.rel1.win32_1.1.100.202309141235/tools/bin/../lib/gcc/arm-none-eabi/11.3.1/thumb/v6-m/nofp\libgcc.a(_udivmoddi4.o)
 .debug_frame   0x0000000000003308       0x38 C:/ST/STM32CubeIDE_1.14.1/STM32CubeIDE/plugins/com.st.stm32cube.ide.mcu.externaltools.gnu-tools-for-stm32.11.3.rel1.win32_1.1.100.202309141235/tools/bin/../lib/gcc/arm-none-eabi/11.3.1/thumb/v6-m/nofp\libgcc.a(adddf3.o)
 .debug_frame   0x0000000000003340       0x3c C:/ST/STM32CubeIDE_1.14.1/STM32CubeIDE/plugins/com.st.stm32cube.ide.mcu.externaltools.gnu-tools-for-stm32.11.3.rel1.win32_1.1.100.202309141235/tools/bin/../lib/gcc/arm-none-eabi/11.3.1/thumb/v6-m/nofp\libgcc.a(muldf3.o)
 .debug_frame   0x000000000000337c       0x2c C:/ST/STM32CubeIDE_1.14.1/STM32CubeIDE/plugins/com.st.stm32cube.ide.mcu.externaltools.gnu-tools-for-stm32.11.3.rel1.win32_1.1.100.202309141235/tools/bin/../lib/gcc/arm-none-eabi/11.3.1/thumb/v6-m/nofp\libgcc.a(fixdfsi.o)
 .debug_frame   0x00000000000033a8       0x2c C:/ST/STM32CubeIDE_1.14.1/STM32CubeIDE/plugins/com.st.stm32cube.ide.mcu.externaltools.gnu-tools-for-stm32.11.3.rel1.win32_1.1.100.202309141235/tools/bin/../lib/gcc/arm-none-eabi/11.3.1/thumb/v6-m/nofp\libgcc.a(floatsidf.o)
 .debug_frame   0x00000000000033d4       0x28 C:/ST/STM32CubeIDE_1.14.1/STM32CubeIDE/plugins/com.st.stm32cube.ide.mcu.externaltools.gnu-tools-for-stm32.11.3.rel1.win32_1.1.100.202309141235/tools/bin/../lib/gcc/arm-none-eabi/11.3.1/thumb/v6-m/nofp\libgcc.a(floatunsidf.o)

.debug_line_str
                0x0000000000000000       0x72
 .debug_line_str
                0x0000000000000000       0x72 ./Core/Startup/startup_stm32g071rbtx.o
                                         0x8a (size before relaxing)